<html>
<body>
<pre>
<h1>礦ision Build Log</h1>
<h2>Tool Versions:</h2>
IDE-Version: μVision V5.17.0.0
Copyright (C) 2015 ARM Ltd and ARM Germany GmbH. All rights reserved.
License Information: liut liut, liut, LIC=8VRDY-IWN58-DXWU3-A4XQ8-GG99W-5X720
 
Tool Versions:
Toolchain:       MDK-ARM Standard  Version: 5.17
Toolchain Path:  E:\Keil517\ARM\ARMCC\Bin
C Compiler:      Armcc.exe V5.06 update 1 (build 61)
Assembler:       Armasm.exe V5.06 update 1 (build 61)
Linker/Locator:  ArmLink.exe V5.06 update 1 (build 61)
Library Manager: ArmAr.exe V5.06 update 1 (build 61)
Hex Converter:   FromElf.exe V5.06 update 1 (build 61)
CPU DLL:         SARMCM3.DLL V5.17
Dialog DLL:      DARMSTM.DLL V1.65.0.0
Target DLL:      Segger\JL2CM3.dll V2.99.16.0
Dialog DLL:      TARMSTM.DLL V1.64.0.0
 
<h2>Project:</h2>
F:\迷你小飞机\飞控源代码\USER\Job.uvproj
Project File Date:  05/11/2016

<h2>Output:</h2>
*** Using Compiler 'V5.06 update 1 (build 61)', folder: 'E:\Keil517\ARM\ARMCC\Bin'
Rebuild target 'Target 1'
assembling startup_stm32f10x_md.s...
compiling delay.c...
compiling main.c...
compiling usart.c...
compiling led.c...
compiling 24l01.c...
compiling spi.c...
compiling exti.c...
compiling timer.c...
compiling sys.c...
compiling STM32_I2C.c...
compiling MPU6050.c...
compiling fast_math.c...
compiling IMU.c...
compiling control.c...
compiling HMC5883.c...
linking...
Program Size: Code=19700 RO-data=588 RW-data=388 ZI-data=3340  
FromELF: creating hex file...
"..\OBJ\Job.axf" - 0 Error(s), 0 Warning(s).
Build Time Elapsed:  00:00:27
</pre>
</body>
</html>
