Component: ARM Compiler 5.06 update 1 (build 61) Tool: armlink [4d35a8]

==============================================================================

Section Cross References

    startup_stm32f10x_md.o(STACK) refers (Special) to heapauxi.o(.text) for __use_two_region_memory
    startup_stm32f10x_md.o(HEAP) refers (Special) to heapauxi.o(.text) for __use_two_region_memory
    startup_stm32f10x_md.o(RESET) refers (Special) to heapauxi.o(.text) for __use_two_region_memory
    startup_stm32f10x_md.o(RESET) refers to startup_stm32f10x_md.o(STACK) for __initial_sp
    startup_stm32f10x_md.o(RESET) refers to startup_stm32f10x_md.o(.text) for Reset_Handler
    startup_stm32f10x_md.o(RESET) refers to exti.o(.text) for EXTI0_IRQHandler
    startup_stm32f10x_md.o(RESET) refers to main.o(.text) for TIM3_IRQHandler
    startup_stm32f10x_md.o(.text) refers (Special) to heapauxi.o(.text) for __use_two_region_memory
    startup_stm32f10x_md.o(.text) refers to __main.o(!!!main) for __main
    startup_stm32f10x_md.o(.text) refers to startup_stm32f10x_md.o(HEAP) for Heap_Mem
    startup_stm32f10x_md.o(.text) refers to startup_stm32f10x_md.o(STACK) for Stack_Mem
    main.o(.text) refers to sys.o(.text) for Stm32_Clock_Init
    main.o(.text) refers to delay.o(.text) for delay_init
    main.o(.text) refers to led.o(.text) for LED_Init
    main.o(.text) refers to 24l01.o(.text) for NRF24L01_Init
    main.o(.text) refers to mpu6050.o(.text) for MPU6050_INIT
    main.o(.text) refers to control.o(.text) for PID_INIT
    main.o(.text) refers to timer.o(.text) for TIM2_PWM_Init
    main.o(.text) refers to imu.o(.text) for ACC_SMOOTH
    main.o(.text) refers to fflt_clz.o(x$fpl$fflt) for __aeabi_i2f
    main.o(.text) refers to main.o(.data) for delays
    main.o(.text) refers to control.o(.data) for ACC_OFFSET
    main.o(.text) refers to main.o(.bss) for RX_buf
    main.o(.text) refers to control.o(.bss) for GYR_F
    delay.o(.text) refers to delay.o(.data) for fac_us
    sys.o(.text) refers to sys.o(.emb_text) for WFI_SET
    usart.o(.text) refers (Special) to use_no_semi_2.o(.text) for __use_no_semihosting
    usart.o(.text) refers to fflt_clz.o(x$fpl$ffltu) for __aeabi_ui2f
    usart.o(.text) refers to fdiv.o(x$fpl$fdiv) for __aeabi_fdiv
    usart.o(.text) refers to ffixu.o(x$fpl$ffixu) for __aeabi_f2uiz
    usart.o(.text) refers to faddsub_clz.o(x$fpl$frsb) for __aeabi_frsub
    usart.o(.text) refers to fmul.o(x$fpl$fmul) for __aeabi_fmul
    usart.o(.data) refers (Special) to use_no_semi_2.o(.text) for __use_no_semihosting
    led.o(.text) refers to delay.o(.text) for delay_ms
    24l01.o(.text) refers to spi.o(.text) for SPI1_Init
    24l01.o(.text) refers to 24l01.o(.data) for VAL
    exti.o(.text) refers to sys.o(.text) for Ex_NVIC_Config
    timer.o(.text) refers to sys.o(.text) for MY_NVIC_Init
    mpu6050.o(.text) refers to stm32_i2c.o(.text) for i2cRead
    mpu6050.o(.text) refers to delay.o(.text) for delay_ms
    mpu6050.o(.text) refers to dflt_clz.o(x$fpl$dflt) for __aeabi_i2d
    mpu6050.o(.text) refers to dmul.o(x$fpl$dmul) for __aeabi_dmul
    mpu6050.o(.text) refers to d2f.o(x$fpl$d2f) for __aeabi_d2f
    mpu6050.o(.text) refers to mpu6050.o(.bss) for mpu6050_buffer
    mpu6050.o(.text) refers to control.o(.data) for ACC
    stm32_i2c.o(.text) refers to main.o(.data) for delays
    imu.o(.text) refers to dflt_clz.o(x$fpl$dflt) for __aeabi_i2d
    imu.o(.text) refers to dmul.o(x$fpl$dmul) for __aeabi_dmul
    imu.o(.text) refers to d2f.o(x$fpl$d2f) for __aeabi_d2f
    imu.o(.text) refers to fflt_clz.o(x$fpl$ffltu) for __aeabi_ui2f
    imu.o(.text) refers to fflt_clz.o(x$fpl$fflt) for __aeabi_i2f
    imu.o(.text) refers to fdiv.o(x$fpl$fdiv) for __aeabi_fdiv
    imu.o(.text) refers to ffix.o(x$fpl$ffix) for __aeabi_f2iz
    imu.o(.text) refers to f2d.o(x$fpl$f2d) for __aeabi_f2d
    imu.o(.text) refers to fmul.o(x$fpl$fmul) for __aeabi_fmul
    imu.o(.text) refers to faddsub_clz.o(x$fpl$fadd) for __aeabi_fadd
    imu.o(.text) refers to fast_math.o(.text) for invSqrt
    imu.o(.text) refers to faddsub_clz.o(x$fpl$fsub) for __aeabi_fsub
    imu.o(.text) refers to control.o(.data) for GYR
    imu.o(.text) refers to control.o(.bss) for GYR_F
    imu.o(.text) refers to imu.o(.bss) for ACC_X_BUF
    imu.o(.text) refers to imu.o(.data) for filter_cnt
    imu.o(.text) refers to asin.o(i.asin) for asin
    imu.o(.text) refers to atan2.o(i.atan2) for atan2
    imu.o(.text) refers to fleqf.o(x$fpl$fleqf) for __aeabi_cfcmple
    imu.o(.text) refers to rt_memcpy_w.o(.text) for __aeabi_memcpy4
    imu.o(.text) refers to imu.o(.constdata) for .constdata
    imu.o(.text) refers to sqrt.o(i.sqrt) for sqrt
    imu.o(.text) refers to ddiv.o(x$fpl$ddiv) for __aeabi_ddiv
    imu.o(.text) refers to atan.o(i.atan) for atan
    fast_math.o(.text) refers to f2d.o(x$fpl$f2d) for __aeabi_f2d
    fast_math.o(.text) refers to drleqf.o(x$fpl$drleqf) for __aeabi_cdrcmple
    fast_math.o(.text) refers to fmul.o(x$fpl$fmul) for __aeabi_fmul
[...]
    argv_veneer.o(.emb_text) refers to no_argv.o(.text) for __ARM_get_argv
    _get_argv_nomalloc.o(.text) refers (Special) to hrguard.o(.text) for __heap_region$guard
    _get_argv_nomalloc.o(.text) refers to defsig_rtmem_outer.o(.text) for __rt_SIGRTMEM
    _get_argv_nomalloc.o(.text) refers to sys_command.o(.text) for _sys_command_string
    libshutdown.o(.ARM.Collect$$libshutdown$$00000000) refers (Special) to libshutdown2.o(.ARM.Collect$$libshutdown$$00000002) for __rt_lib_shutdown_cpp_1
    libshutdown.o(.ARM.Collect$$libshutdown$$00000000) refers (Special) to libshutdown2.o(.ARM.Collect$$libshutdown$$00000007) for __rt_lib_shutdown_fp_trap_1
    libshutdown.o(.ARM.Collect$$libshutdown$$00000000) refers (Special) to libshutdown2.o(.ARM.Collect$$libshutdown$$0000000F) for __rt_lib_shutdown_heap_1
    libshutdown.o(.ARM.Collect$$libshutdown$$00000000) refers (Special) to libshutdown2.o(.ARM.Collect$$libshutdown$$00000010) for __rt_lib_shutdown_return
    libshutdown.o(.ARM.Collect$$libshutdown$$00000000) refers (Special) to libshutdown2.o(.ARM.Collect$$libshutdown$$0000000A) for __rt_lib_shutdown_signal_1
    libshutdown.o(.ARM.Collect$$libshutdown$$00000000) refers (Special) to libshutdown2.o(.ARM.Collect$$libshutdown$$00000004) for __rt_lib_shutdown_stdio_1
    libshutdown.o(.ARM.Collect$$libshutdown$$00000000) refers (Special) to libshutdown2.o(.ARM.Collect$$libshutdown$$0000000C) for __rt_lib_shutdown_user_alloc_1
    sys_command.o(.text) refers (Special) to use_no_semi.o(.text) for __I$use$semihosting
    sys_command.o(.text) refers (Special) to indicate_semi.o(.text) for __semihosting_library_function
    defsig_rtmem_outer.o(.text) refers to defsig_rtmem_inner.o(.text) for __rt_SIGRTMEM_inner
    defsig_rtmem_outer.o(.text) refers to defsig_exit.o(.text) for __sig_exit
    defsig_rtmem_formal.o(.text) refers to rt_raise.o(.text) for __rt_raise
    rt_raise.o(.text) refers to __raise.o(.text) for __raise
    rt_raise.o(.text) refers to usart.o(.text) for _sys_exit
    defsig_exit.o(.text) refers to usart.o(.text) for _sys_exit
    defsig_rtmem_inner.o(.text) refers to defsig_general.o(.text) for __default_signal_display
    __raise.o(.text) refers to defsig.o(CL$$defsig) for __default_signal_handler
    defsig_general.o(.text) refers to sys_wrch.o(.text) for _ttywrch
    sys_wrch.o(.text) refers (Special) to use_no_semi.o(.text) for __I$use$semihosting
    sys_wrch.o(.text) refers (Special) to indicate_semi.o(.text) for __semihosting_library_function
    defsig.o(CL$$defsig) refers to defsig_rtmem_inner.o(.text) for __rt_SIGRTMEM_inner
    defsig_abrt_inner.o(.text) refers to defsig_general.o(.text) for __default_signal_display
    defsig_fpe_inner.o(.text) refers to defsig_general.o(.text) for __default_signal_display
    defsig_rtred_inner.o(.text) refers to defsig_general.o(.text) for __default_signal_display
    defsig_stak_inner.o(.text) refers to defsig_general.o(.text) for __default_signal_display
    defsig_pvfn_inner.o(.text) refers to defsig_general.o(.text) for __default_signal_display
    defsig_cppl_inner.o(.text) refers to defsig_general.o(.text) for __default_signal_display
    defsig_segv_inner.o(.text) refers to defsig_general.o(.text) for __default_signal_display
    defsig_other.o(.text) refers to defsig_general.o(.text) for __default_signal_display


==============================================================================

Removing Unused input sections from the image.

    Removing usart.o(.data), (4 bytes).
    Removing hmc5883.o(.text), (28 bytes).
    Removing hmc5883.o(.data), (6 bytes).

3 unused section(s) (total 38 bytes) removed from the image.

==============================================================================

Image Symbol Table

    Local Symbols

    Symbol Name                              Value     Ov Type        Size  Object(Section)

    ../clib/angel/boardlib.s                 0x00000000   Number         0  boardshut.o ABSOLUTE
    ../clib/angel/boardlib.s                 0x00000000   Number         0  boardinit1.o ABSOLUTE
    ../clib/angel/boardlib.s                 0x00000000   Number         0  boardinit2.o ABSOLUTE
    ../clib/angel/boardlib.s                 0x00000000   Number         0  boardinit3.o ABSOLUTE
    ../clib/angel/dczerorl2.s                0x00000000   Number         0  __dczerorl2.o ABSOLUTE
    ../clib/angel/handlers.s                 0x00000000   Number         0  __scatter_zi.o ABSOLUTE
    ../clib/angel/kernel.s                   0x00000000   Number         0  __rtentry4.o ABSOLUTE
    ../clib/angel/kernel.s                   0x00000000   Number         0  rtexit.o ABSOLUTE
    ../clib/angel/kernel.s                   0x00000000   Number         0  __rtentry2.o ABSOLUTE
    ../clib/angel/kernel.s                   0x00000000   Number         0  __rtentry.o ABSOLUTE
    ../clib/angel/kernel.s                   0x00000000   Number         0  rtexit2.o ABSOLUTE
    ../clib/angel/rt.s                       0x00000000   Number         0  rt_errno_addr_intlibspace.o ABSOLUTE
    ../clib/angel/rt.s                       0x00000000   Number         0  rt_errno_addr.o ABSOLUTE
    ../clib/angel/rt.s                       0x00000000   Number         0  rt_raise.o ABSOLUTE
    ../clib/angel/scatter.s                  0x00000000   Number         0  __scatter.o ABSOLUTE
    ../clib/angel/startup.s                  0x00000000   Number         0  __main.o ABSOLUTE
    ../clib/angel/sys.s                      0x00000000   Number         0  libspace.o ABSOLUTE
    ../clib/angel/sys.s                      0x00000000   Number         0  sys_stackheap_outer.o ABSOLUTE
    ../clib/angel/sys.s                      0x00000000   Number         0  indicate_semi.o ABSOLUTE
    ../clib/angel/sys.s                      0x00000000   Number         0  use_no_semi_2.o ABSOLUTE
    ../clib/angel/sys.s                      0x00000000   Number         0  use_no_semi.o ABSOLUTE
    ../clib/angel/sysapp.c                   0x00000000   Number         0  sys_wrch.o ABSOLUTE
    ../clib/angel/sysapp.c                   0x00000000   Number         0  sys_command.o ABSOLUTE
    ../clib/armsys.c                         0x00000000   Number         0  no_argv.o ABSOLUTE
    ../clib/armsys.c                         0x00000000   Number         0  _get_argv_nomalloc.o ABSOLUTE
    ../clib/armsys.c                         0x00000000   Number         0  argv_veneer.o ABSOLUTE
    ../clib/armsys.c                         0x00000000   Number         0  argv_veneer.o ABSOLUTE
    ../clib/fenv.c                           0x00000000   Number         0  _rserrno.o ABSOLUTE
    ../clib/heapalloc.c                      0x00000000   Number         0  hrguard.o ABSOLUTE
    ../clib/heapaux.c                        0x00000000   Number         0  heapauxi.o ABSOLUTE
    ../clib/libinit.s                        0x00000000   Number         0  libshutdown.o ABSOLUTE
    ../clib/libinit.s                        0x00000000   Number         0  libinit.o ABSOLUTE
    ../clib/libinit.s                        0x00000000   Number         0  libshutdown2.o ABSOLUTE
    ../clib/libinit.s                        0x00000000   Number         0  libinit2.o ABSOLUTE
    ../clib/memcpset.s                       0x00000000   Number         0  rt_memcpy_w.o ABSOLUTE
    ../clib/signal.c                         0x00000000   Number         0  defsig_fpe_inner.o ABSOLUTE
    ../clib/signal.c                         0x00000000   Number         0  defsig_abrt_inner.o ABSOLUTE
    ../clib/signal.c                         0x00000000   Number         0  defsig_general.o ABSOLUTE
    ../clib/signal.c                         0x00000000   Number         0  defsig_rtmem_outer.o ABSOLUTE
    ../clib/signal.c                         0x00000000   Number         0  defsig_rtmem_formal.o ABSOLUTE
    ../clib/signal.c                         0x00000000   Number         0  defsig_rtmem_inner.o ABSOLUTE
    ../clib/signal.c                         0x00000000   Number         0  __raise.o ABSOLUTE
    ../clib/signal.c                         0x00000000   Number         0  defsig_exit.o ABSOLUTE
    ../clib/signal.c                         0x00000000   Number         0  defsig_other.o ABSOLUTE
    ../clib/signal.c                         0x00000000   Number         0  defsig_segv_inner.o ABSOLUTE
    ../clib/signal.c                         0x00000000   Number         0  defsig_cppl_inner.o ABSOLUTE
    ../clib/signal.c                         0x00000000   Number         0  defsig_pvfn_inner.o ABSOLUTE
    ../clib/signal.c                         0x00000000   Number         0  defsig_stak_inner.o ABSOLUTE
    ../clib/signal.c                         0x00000000   Number         0  defsig_rtred_inner.o ABSOLUTE
    ../clib/signal.s                         0x00000000   Number         0  defsig.o ABSOLUTE
    ../clib/stdlib.c                         0x00000000   Number         0  exit.o ABSOLUTE
    ../fplib/d2f.s                           0x00000000   Number         0  d2f.o ABSOLUTE
    ../fplib/daddsub.s                       0x00000000   Number         0  daddsub_clz.o ABSOLUTE
    ../fplib/dcheck1.s                       0x00000000   Number         0  dcheck1.o ABSOLUTE
    ../fplib/dcmpi.s                         0x00000000   Number         0  dcmpi.o ABSOLUTE
    ../fplib/ddiv.s                          0x00000000   Number         0  ddiv.o ABSOLUTE
    ../fplib/dfix.s                          0x00000000   Number         0  dfix.o ABSOLUTE
    ../fplib/dflt.s                          0x00000000   Number         0  dflt_clz.o ABSOLUTE
    ../fplib/dleqf.s                         0x00000000   Number         0  dleqf.o ABSOLUTE
    ../fplib/dmul.s                          0x00000000   Number         0  dmul.o ABSOLUTE
    ../fplib/dnaninf.s                       0x00000000   Number         0  dnaninf.o ABSOLUTE
    ../fplib/dretinf.s                       0x00000000   Number         0  dretinf.o ABSOLUTE
    ../fplib/drleqf.s                        0x00000000   Number         0  drleqf.o ABSOLUTE
    ../fplib/dsqrt.s                         0x00000000   Number         0  dsqrt_noumaal.o ABSOLUTE
    ../fplib/f2d.s                           0x00000000   Number         0  f2d.o ABSOLUTE
    ../fplib/faddsub.s                       0x00000000   Number         0  faddsub_clz.o ABSOLUTE
    ../fplib/fcmpi.s                         0x00000000   Number         0  fcmpi.o ABSOLUTE
    ../fplib/fdiv.s                          0x00000000   Number         0  fdiv.o ABSOLUTE
    ../fplib/ffix.s                          0x00000000   Number         0  ffix.o ABSOLUTE
    ../fplib/ffixu.s                         0x00000000   Number         0  ffixu.o ABSOLUTE
    ../fplib/fflt.s                          0x00000000   Number         0  fflt_clz.o ABSOLUTE
    ../fplib/fleqf.s                         0x00000000   Number         0  fleqf.o ABSOLUTE
    ../fplib/fmul.s                          0x00000000   Number         0  fmul.o ABSOLUTE
    ../fplib/fnaninf.s                       0x00000000   Number         0  fnaninf.o ABSOLUTE
    ../fplib/fpinit.s                        0x00000000   Number         0  fpinit.o ABSOLUTE
    ../fplib/fretinf.s                       0x00000000   Number         0  fretinf.o ABSOLUTE
    ../fplib/frleqf.s                        0x00000000   Number         0  frleqf.o ABSOLUTE
    ../fplib/retnan.s                        0x00000000   Number         0  retnan.o ABSOLUTE
    ../fplib/scalbn.s                        0x00000000   Number         0  scalbn.o ABSOLUTE
    ../fplib/trapv.s                         0x00000000   Number         0  trapv.o ABSOLUTE
    ../fplib/usenofp.s                       0x00000000   Number         0  usenofp.o ABSOLUTE
    ../mathlib/asin.c                        0x00000000   Number         0  asin_x.o ABSOLUTE
    ../mathlib/asin.c                        0x00000000   Number         0  asin.o ABSOLUTE
    ../mathlib/atan.c                        0x00000000   Number         0  atan.o ABSOLUTE
    ../mathlib/atan.c                        0x00000000   Number         0  atan_x.o ABSOLUTE
    ../mathlib/atan2.c                       0x00000000   Number         0  atan2.o ABSOLUTE
    ../mathlib/atan2.c                       0x00000000   Number         0  atan2_x.o ABSOLUTE
    ../mathlib/dunder.c                      0x00000000   Number         0  dunder.o ABSOLUTE
    ../mathlib/fpclassify.c                  0x00000000   Number         0  fpclassify.o ABSOLUTE
    ../mathlib/poly.c                        0x00000000   Number         0  poly.o ABSOLUTE
    ../mathlib/qnan.c                        0x00000000   Number         0  qnan.o ABSOLUTE
    ../mathlib/sqrt.c                        0x00000000   Number         0  sqrt.o ABSOLUTE
    ../mathlib/sqrt.c                        0x00000000   Number         0  sqrt_x.o ABSOLUTE
    ..\HARDWARE\CONTROL\control.c            0x00000000   Number         0  control.o ABSOLUTE
    ..\HARDWARE\EXTI\exti.c                  0x00000000   Number         0  exti.o ABSOLUTE
    ..\HARDWARE\FAST_MATH\fast_math.c        0x00000000   Number         0  fast_math.o ABSOLUTE
    ..\HARDWARE\HMC5883\HMC5883.c            0x00000000   Number         0  hmc5883.o ABSOLUTE
    ..\HARDWARE\IMU\IMU.c                    0x00000000   Number         0  imu.o ABSOLUTE
    ..\HARDWARE\LED\led.c                    0x00000000   Number         0  led.o ABSOLUTE
    ..\HARDWARE\MPU6050\MPU6050.c            0x00000000   Number         0  mpu6050.o ABSOLUTE
    ..\HARDWARE\MPU6050\STM32_I2C.c          0x00000000   Number         0  stm32_i2c.o ABSOLUTE
    ..\HARDWARE\NRF24L01\24l01.c             0x00000000   Number         0  24l01.o ABSOLUTE
    ..\HARDWARE\SPI\spi.c                    0x00000000   Number         0  spi.o ABSOLUTE
    ..\HARDWARE\TIMER\timer.c                0x00000000   Number         0  timer.o ABSOLUTE
    ..\SYSTEM\delay\delay.c                  0x00000000   Number         0  delay.o ABSOLUTE
    ..\SYSTEM\sys\sys.c                      0x00000000   Number         0  sys.o ABSOLUTE
    ..\SYSTEM\usart\usart.c                  0x00000000   Number         0  usart.o ABSOLUTE
    ..\\SYSTEM\\sys\\sys.c                   0x00000000   Number         0  sys.o ABSOLUTE
    dc.s                                     0x00000000   Number         0  dc.o ABSOLUTE
    main.c                                   0x00000000   Number         0  main.o ABSOLUTE
    startup_stm32f10x_md.s                   0x00000000   Number         0  startup_stm32f10x_md.o ABSOLUTE
    RESET                                    0x08000000   Section      236  startup_stm32f10x_md.o(RESET)
    !!!main                                  0x080000ec   Section        8  __main.o(!!!main)
    !!!scatter                               0x080000f4   Section       52  __scatter.o(!!!scatter)
    !!dczerorl2                              0x08000128   Section       90  __dczerorl2.o(!!dczerorl2)
    !!handler_zi                             0x08000184   Section       28  __scatter_zi.o(!!handler_zi)
    .ARM.Collect$$libinit$$00000000          0x080001a0   Section        2  libinit.o(.ARM.Collect$$libinit$$00000000)
    .ARM.Collect$$libinit$$00000002          0x080001a2   Section        0  libinit2.o(.ARM.Collect$$libinit$$00000002)
    .ARM.Collect$$libinit$$00000004          0x080001a2   Section        0  libinit2.o(.ARM.Collect$$libinit$$00000004)
    .ARM.Collect$$libinit$$0000000A          0x080001a2   Section        0  libinit2.o(.ARM.Collect$$libinit$$0000000A)
    .ARM.Collect$$libinit$$0000000C          0x080001a2   Section        0  libinit2.o(.ARM.Collect$$libinit$$0000000C)
    .ARM.Collect$$libinit$$0000000E          0x080001a2   Section        0  libinit2.o(.ARM.Collect$$libinit$$0000000E)
    .ARM.Collect$$libinit$$00000011          0x080001a2   Section        0  libinit2.o(.ARM.Collect$$libinit$$00000011)
    .ARM.Collect$$libinit$$00000013          0x080001a2   Section        0  libinit2.o(.ARM.Collect$$libinit$$00000013)
    .ARM.Collect$$libinit$$00000015          0x080001a2   Section        0  libinit2.o(.ARM.Collect$$libinit$$00000015)
    .ARM.Collect$$libinit$$00000017          0x080001a2   Section        0  libinit2.o(.ARM.Collect$$libinit$$00000017)
    .ARM.Collect$$libinit$$00000019          0x080001a2   Section        0  libinit2.o(.ARM.Collect$$libinit$$00000019)
    .ARM.Collect$$libinit$$0000001B          0x080001a2   Section        0  libinit2.o(.ARM.Collect$$libinit$$0000001B)
    .ARM.Collect$$libinit$$0000001D          0x080001a2   Section        0  libinit2.o(.ARM.Collect$$libinit$$0000001D)
    .ARM.Collect$$libinit$$0000001F          0x080001a2   Section        0  libinit2.o(.ARM.Collect$$libinit$$0000001F)
    .ARM.Collect$$libinit$$00000021          0x080001a2   Section        0  libinit2.o(.ARM.Collect$$libinit$$00000021)
    .ARM.Collect$$libinit$$00000023          0x080001a2   Section        0  libinit2.o(.ARM.Collect$$libinit$$00000023)
    .ARM.Collect$$libinit$$00000025          0x080001a2   Section        0  libinit2.o(.ARM.Collect$$libinit$$00000025)
    .ARM.Collect$$libinit$$0000002C          0x080001a2   Section        0  libinit2.o(.ARM.Collect$$libinit$$0000002C)
    .ARM.Collect$$libinit$$0000002E          0x080001a2   Section        0  libinit2.o(.ARM.Collect$$libinit$$0000002E)
    .ARM.Collect$$libinit$$00000030          0x080001a2   Section        0  libinit2.o(.ARM.Collect$$libinit$$00000030)
    .ARM.Collect$$libinit$$00000032          0x080001a2   Section        0  libinit2.o(.ARM.Collect$$libinit$$00000032)
    .ARM.Collect$$libinit$$00000033          0x080001a2   Section        2  libinit2.o(.ARM.Collect$$libinit$$00000033)
    .ARM.Collect$$libshutdown$$00000000      0x080001a4   Section        2  libshutdown.o(.ARM.Collect$$libshutdown$$00000000)
    .ARM.Collect$$libshutdown$$00000002      0x080001a6   Section        0  libshutdown2.o(.ARM.Collect$$libshutdown$$00000002)
    .ARM.Collect$$libshutdown$$00000004      0x080001a6   Section        0  libshutdown2.o(.ARM.Collect$$libshutdown$$00000004)
    .ARM.Collect$$libshutdown$$00000007      0x080001a6   Section        0  libshutdown2.o(.ARM.Collect$$libshutdown$$00000007)
    .ARM.Collect$$libshutdown$$0000000A      0x080001a6   Section        0  libshutdown2.o(.ARM.Collect$$libshutdown$$0000000A)
    .ARM.Collect$$libshutdown$$0000000C      0x080001a6   Section        0  libshutdown2.o(.ARM.Collect$$libshutdown$$0000000C)
    .ARM.Collect$$libshutdown$$0000000F      0x080001a6   Section        0  libshutdown2.o(.ARM.Collect$$libshutdown$$0000000F)
    .ARM.Collect$$libshutdown$$00000010      0x080001a6   Section        2  libshutdown2.o(.ARM.Collect$$libshutdown$$00000010)
    .ARM.Collect$$rtentry$$00000000          0x080001a8   Section        0  __rtentry.o(.ARM.Collect$$rtentry$$00000000)
    .ARM.Collect$$rtentry$$00000002          0x080001a8   Section        0  __rtentry2.o(.ARM.Collect$$rtentry$$00000002)
    .ARM.Collect$$rtentry$$00000004          0x080001a8   Section        6  __rtentry4.o(.ARM.Collect$$rtentry$$00000004)
    .ARM.Collect$$rtentry$$00000009          0x080001ae   Section        0  __rtentry2.o(.ARM.Collect$$rtentry$$00000009)
    .ARM.Collect$$rtentry$$0000000A          0x080001ae   Section        4  __rtentry2.o(.ARM.Collect$$rtentry$$0000000A)
    .ARM.Collect$$rtentry$$0000000C          0x080001b2   Section        0  __rtentry2.o(.ARM.Collect$$rtentry$$0000000C)
    .ARM.Collect$$rtentry$$0000000D          0x080001b2   Section        8  __rtentry2.o(.ARM.Collect$$rtentry$$0000000D)
    .ARM.Collect$$rtexit$$00000000           0x080001ba   Section        2  rtexit.o(.ARM.Collect$$rtexit$$00000000)
    .ARM.Collect$$rtexit$$00000002           0x080001bc   Section        0  rtexit2.o(.ARM.Collect$$rtexit$$00000002)
    .ARM.Collect$$rtexit$$00000003           0x080001bc   Section        4  rtexit2.o(.ARM.Collect$$rtexit$$00000003)
    .ARM.Collect$$rtexit$$00000004           0x080001c0   Section        6  rtexit2.o(.ARM.Collect$$rtexit$$00000004)
    .emb_text                                0x080001c8   Section       12  sys.o(.emb_text)
    .text                                    0x080001d4   Section       56  startup_stm32f10x_md.o(.text)
    .text                                    0x0800020c   Section        0  main.o(.text)
    .text                                    0x080003c4   Section        0  delay.o(.text)
    .text                                    0x08000474   Section        0  sys.o(.text)
    .text                                    0x08000750   Section        0  usart.o(.text)
    .text                                    0x08000870   Section        0  led.o(.text)
    .text                                    0x08000a3c   Section        0  24l01.o(.text)
    .text                                    0x08000cd8   Section        0  spi.o(.text)
    .text                                    0x08000e00   Section        0  exti.o(.text)
    .text                                    0x08000e40   Section        0  timer.o(.text)
    .text                                    0x08000fcc   Section        0  mpu6050.o(.text)
    .text                                    0x08001370   Section        0  stm32_i2c.o(.text)
    I2C_Start                                0x08001383   Thumb Code    96  stm32_i2c.o(.text)
    I2C_Stop                                 0x080013e3   Thumb Code    68  stm32_i2c.o(.text)
    I2C_Ack                                  0x08001427   Thumb Code    68  stm32_i2c.o(.text)
    I2C_NoAck                                0x0800146b   Thumb Code    68  stm32_i2c.o(.text)
    I2C_WaitAck                              0x080014af   Thumb Code    94  stm32_i2c.o(.text)
    I2C_SendByte                             0x0800150d   Thumb Code   104  stm32_i2c.o(.text)
    I2C_ReceiveByte                          0x08001575   Thumb Code    98  stm32_i2c.o(.text)
    .text                                    0x080017ec   Section        0  imu.o(.text)
    .text                                    0x08002364   Section        0  fast_math.o(.text)
    .text                                    0x08002870   Section        0  control.o(.text)
    .text                                    0x080031e8   Section        2  use_no_semi_2.o(.text)
    .text                                    0x080031ea   Section      100  rt_memcpy_w.o(.text)
    .text                                    0x0800324e   Section        0  heapauxi.o(.text)
    .text                                    0x08003254   Section        2  use_no_semi.o(.text)
    .text                                    0x08003256   Section        0  _rserrno.o(.text)
    .text                                    0x0800326c   Section        8  rt_errno_addr_intlibspace.o(.text)
    .text                                    0x08003274   Section        8  libspace.o(.text)
    .text                                    0x0800327c   Section       74  sys_stackheap_outer.o(.text)
    .text                                    0x080032c6   Section        0  exit.o(.text)
    i.__ARM_fpclassify                       0x080032d8   Section        0  fpclassify.o(i.__ARM_fpclassify)
    i.__kernel_poly                          0x08003300   Section        0  poly.o(i.__kernel_poly)
    i.__mathlib_dbl_infnan                   0x080033aa   Section        0  dunder.o(i.__mathlib_dbl_infnan)
    i.__mathlib_dbl_infnan2                  0x080033b0   Section        0  dunder.o(i.__mathlib_dbl_infnan2)
    i.__mathlib_dbl_invalid                  0x080033b4   Section        0  dunder.o(i.__mathlib_dbl_invalid)
    i.__mathlib_dbl_underflow                0x080033c0   Section        0  dunder.o(i.__mathlib_dbl_underflow)
    i.asin                                   0x080033d0   Section        0  asin.o(i.asin)
    i.atan                                   0x08003640   Section        0  atan.o(i.atan)
    i.atan2                                  0x08003860   Section        0  atan2.o(i.atan2)
    i.sqrt                                   0x080039e0   Section        0  sqrt.o(i.sqrt)
    x$fpl$d2f                                0x08003a2c   Section       98  d2f.o(x$fpl$d2f)
    x$fpl$dadd                               0x08003a90   Section      336  daddsub_clz.o(x$fpl$dadd)
    _dadd1                                   0x08003aa1   Thumb Code     0  daddsub_clz.o(x$fpl$dadd)
    x$fpl$dcheck1                            0x08003be0   Section       16  dcheck1.o(x$fpl$dcheck1)
    x$fpl$dcmpinf                            0x08003bf0   Section       24  dcmpi.o(x$fpl$dcmpinf)
    x$fpl$ddiv                               0x08003c08   Section      688  ddiv.o(x$fpl$ddiv)
    ddiv_entry                               0x08003c0f   Thumb Code     0  ddiv.o(x$fpl$ddiv)
    x$fpl$dfix                               0x08003eb8   Section       94  dfix.o(x$fpl$dfix)
    x$fpl$dflt                               0x08003f16   Section       46  dflt_clz.o(x$fpl$dflt)
    x$fpl$dfltu                              0x08003f44   Section       38  dflt_clz.o(x$fpl$dfltu)
    x$fpl$dleqf                              0x08003f6c   Section      120  dleqf.o(x$fpl$dleqf)
    x$fpl$dmul                               0x08003fe4   Section      340  dmul.o(x$fpl$dmul)
    x$fpl$dnaninf                            0x08004138   Section      156  dnaninf.o(x$fpl$dnaninf)
    x$fpl$dretinf                            0x080041d4   Section       12  dretinf.o(x$fpl$dretinf)
    x$fpl$drleqf                             0x080041e0   Section      108  drleqf.o(x$fpl$drleqf)
    x$fpl$drsb                               0x0800424c   Section       22  daddsub_clz.o(x$fpl$drsb)
    x$fpl$dsqrt                              0x08004264   Section      460  dsqrt_noumaal.o(x$fpl$dsqrt)
    x$fpl$dsub                               0x08004430   Section      468  daddsub_clz.o(x$fpl$dsub)
    _dsub1                                   0x08004441   Thumb Code     0  daddsub_clz.o(x$fpl$dsub)
    x$fpl$f2d                                0x08004604   Section       86  f2d.o(x$fpl$f2d)
    x$fpl$fadd                               0x0800465c   Section      196  faddsub_clz.o(x$fpl$fadd)
    _fadd1                                   0x0800466b   Thumb Code     0  faddsub_clz.o(x$fpl$fadd)
    x$fpl$fcmpinf                            0x08004720   Section       24  fcmpi.o(x$fpl$fcmpinf)
    x$fpl$fdiv                               0x08004738   Section      388  fdiv.o(x$fpl$fdiv)
    _fdiv1                                   0x08004739   Thumb Code     0  fdiv.o(x$fpl$fdiv)
    x$fpl$ffix                               0x080048bc   Section       54  ffix.o(x$fpl$ffix)
    x$fpl$ffixu                              0x080048f4   Section       62  ffixu.o(x$fpl$ffixu)
    x$fpl$fflt                               0x08004934   Section       48  fflt_clz.o(x$fpl$fflt)
    x$fpl$ffltu                              0x08004964   Section       38  fflt_clz.o(x$fpl$ffltu)
    x$fpl$fleqf                              0x0800498c   Section      104  fleqf.o(x$fpl$fleqf)
    x$fpl$fmul                               0x080049f4   Section      258  fmul.o(x$fpl$fmul)
    x$fpl$fnaninf                            0x08004af6   Section      140  fnaninf.o(x$fpl$fnaninf)
    x$fpl$fretinf                            0x08004b82   Section       10  fretinf.o(x$fpl$fretinf)
    x$fpl$frleqf                             0x08004b8c   Section       98  frleqf.o(x$fpl$frleqf)
    x$fpl$frsb                               0x08004bee   Section       20  faddsub_clz.o(x$fpl$frsb)
    x$fpl$fsub                               0x08004c04   Section      234  faddsub_clz.o(x$fpl$fsub)
    _fsub1                                   0x08004c13   Thumb Code     0  faddsub_clz.o(x$fpl$fsub)
    x$fpl$retnan                             0x08004cee   Section      100  retnan.o(x$fpl$retnan)
    x$fpl$scalbn                             0x08004d52   Section       92  scalbn.o(x$fpl$scalbn)
    x$fpl$trapveneer                         0x08004dae   Section       48  trapv.o(x$fpl$trapveneer)
    x$fpl$usenofp                            0x08004dde   Section        0  usenofp.o(x$fpl$usenofp)
    .constdata                               0x08004de0   Section       76  imu.o(.constdata)
    .constdata                               0x08004e30   Section       80  asin.o(.constdata)
    pS                                       0x08004e30   Data          48  asin.o(.constdata)
    qS                                       0x08004e60   Data          32  asin.o(.constdata)
    .constdata                               0x08004e80   Section      152  atan.o(.constdata)
    atanhi                                   0x08004e80   Data          32  atan.o(.constdata)
    atanlo                                   0x08004ea0   Data          32  atan.o(.constdata)
    aTodd                                    0x08004ec0   Data          40  atan.o(.constdata)
    aTeven                                   0x08004ee8   Data          48  atan.o(.constdata)
    .constdata                               0x08004f18   Section        8  qnan.o(.constdata)
    .data                                    0x20000000   Section       32  main.o(.data)
    .data                                    0x20000020   Section        4  delay.o(.data)
    fac_us                                   0x20000020   Data           1  delay.o(.data)
    fac_ms                                   0x20000022   Data           2  delay.o(.data)
    .data                                    0x20000024   Section       46  24l01.o(.data)
    .data                                    0x20000054   Section       41  imu.o(.data)
    filter_cnt                               0x2000007c   Data           1  imu.o(.data)
    .data                                    0x20000080   Section      257  control.o(.data)
    cnt                                      0x20000180   Data           1  control.o(.data)
    .bss                                     0x20000184   Section       76  main.o(.bss)
    .bss                                     0x200001d0   Section       28  mpu6050.o(.bss)
    .bss                                     0x200001ec   Section      288  imu.o(.bss)
    .bss                                     0x2000030c   Section      548  control.o(.bss)
    .bss                                     0x20000530   Section       96  libspace.o(.bss)
    HEAP                                     0x20000590   Section      256  startup_stm32f10x_md.o(HEAP)
    Heap_Mem                                 0x20000590   Data         256  startup_stm32f10x_md.o(HEAP)
    STACK                                    0x20000690   Section     2048  startup_stm32f10x_md.o(STACK)
    Stack_Mem                                0x20000690   Data        2048  startup_stm32f10x_md.o(STACK)
    __initial_sp                             0x20000e90   Data           0  startup_stm32f10x_md.o(STACK)

    Global Symbols

    Symbol Name                              Value     Ov Type        Size  Object(Section)

    BuildAttributes$$THM_ISAv4$P$D$K$B$S$PE$A:L22UL41UL21$X:L11$S22US41US21$IEEE1$IW$USESV6$~STKCKD$USESV7$~SHL$OTIME$ROPI$IEEEX$EBA8$UX$STANDARDLIB$REQ8$PRES8$EABIv2 0x00000000   Number         0  anon$$obj.o ABSOLUTE
    __ARM_use_no_argv                        0x00000000   Number         0  main.o ABSOLUTE
    __ARM_exceptions_init                     - Undefined Weak Reference
    __alloca_initialize                       - Undefined Weak Reference
    __arm_preinit_                            - Undefined Weak Reference
    __cpp_initialize__aeabi_                  - Undefined Weak Reference
    __cxa_finalize                            - Undefined Weak Reference
    __rt_locale                               - Undefined Weak Reference
    __sigvec_lookup                           - Undefined Weak Reference
    _atexit_init                              - Undefined Weak Reference
    _call_atexit_fns                          - Undefined Weak Reference
    _clock_init                               - Undefined Weak Reference
    _fp_trap_init                             - Undefined Weak Reference
    _fp_trap_shutdown                         - Undefined Weak Reference
    _get_lc_collate                           - Undefined Weak Reference
    _get_lc_ctype                             - Undefined Weak Reference
    _get_lc_monetary                          - Undefined Weak Reference
    _get_lc_numeric                           - Undefined Weak Reference
    _get_lc_time                              - Undefined Weak Reference
    _getenv_init                              - Undefined Weak Reference
    _handle_redirection                       - Undefined Weak Reference
    _init_alloc                               - Undefined Weak Reference
    _init_user_alloc                          - Undefined Weak Reference
    _initio                                   - Undefined Weak Reference
    _rand_init                                - Undefined Weak Reference
    _signal_finish                            - Undefined Weak Reference
    _signal_init                              - Undefined Weak Reference
    _terminate_alloc                          - Undefined Weak Reference
    _terminate_user_alloc                     - Undefined Weak Reference
    _terminateio                              - Undefined Weak Reference
    __Vectors_Size                           0x000000ec   Number         0  startup_stm32f10x_md.o ABSOLUTE
    __Vectors                                0x08000000   Data           4  startup_stm32f10x_md.o(RESET)
    __Vectors_End                            0x080000ec   Data           0  startup_stm32f10x_md.o(RESET)
    __main                                   0x080000ed   Thumb Code     8  __main.o(!!!main)
    __scatterload                            0x080000f5   Thumb Code     0  __scatter.o(!!!scatter)
    __scatterload_rt2                        0x080000f5   Thumb Code    44  __scatter.o(!!!scatter)
    __scatterload_rt2_thumb_only             0x080000f5   Thumb Code     0  __scatter.o(!!!scatter)
    __scatterload_null                       0x08000103   Thumb Code     0  __scatter.o(!!!scatter)
    __decompress                             0x08000129   Thumb Code    90  __dczerorl2.o(!!dczerorl2)
    __decompress1                            0x08000129   Thumb Code     0  __dczerorl2.o(!!dczerorl2)
    __scatterload_zeroinit                   0x08000185   Thumb Code    28  __scatter_zi.o(!!handler_zi)
    __rt_lib_init                            0x080001a1   Thumb Code     0  libinit.o(.ARM.Collect$$libinit$$00000000)
    __rt_lib_init_alloca_1                   0x080001a3   Thumb Code     0  libinit2.o(.ARM.Collect$$libinit$$0000002E)
    __rt_lib_init_argv_1                     0x080001a3   Thumb Code     0  libinit2.o(.ARM.Collect$$libinit$$0000002C)
    __rt_lib_init_atexit_1                   0x080001a3   Thumb Code     0  libinit2.o(.ARM.Collect$$libinit$$0000001B)
    __rt_lib_init_clock_1                    0x080001a3   Thumb Code     0  libinit2.o(.ARM.Collect$$libinit$$00000021)
    __rt_lib_init_cpp_1                      0x080001a3   Thumb Code     0  libinit2.o(.ARM.Collect$$libinit$$00000032)
    __rt_lib_init_exceptions_1               0x080001a3   Thumb Code     0  libinit2.o(.ARM.Collect$$libinit$$00000030)
    __rt_lib_init_fp_1                       0x080001a3   Thumb Code     0  libinit2.o(.ARM.Collect$$libinit$$00000002)
    __rt_lib_init_fp_trap_1                  0x080001a3   Thumb Code     0  libinit2.o(.ARM.Collect$$libinit$$0000001F)
    __rt_lib_init_getenv_1                   0x080001a3   Thumb Code     0  libinit2.o(.ARM.Collect$$libinit$$00000023)
    __rt_lib_init_heap_1                     0x080001a3   Thumb Code     0  libinit2.o(.ARM.Collect$$libinit$$0000000A)
    __rt_lib_init_lc_collate_1               0x080001a3   Thumb Code     0  libinit2.o(.ARM.Collect$$libinit$$00000011)
    __rt_lib_init_lc_ctype_1                 0x080001a3   Thumb Code     0  libinit2.o(.ARM.Collect$$libinit$$00000013)
    __rt_lib_init_lc_monetary_1              0x080001a3   Thumb Code     0  libinit2.o(.ARM.Collect$$libinit$$00000015)
    __rt_lib_init_lc_numeric_1               0x080001a3   Thumb Code     0  libinit2.o(.ARM.Collect$$libinit$$00000017)
    __rt_lib_init_lc_time_1                  0x080001a3   Thumb Code     0  libinit2.o(.ARM.Collect$$libinit$$00000019)
    __rt_lib_init_preinit_1                  0x080001a3   Thumb Code     0  libinit2.o(.ARM.Collect$$libinit$$00000004)
    __rt_lib_init_rand_1                     0x080001a3   Thumb Code     0  libinit2.o(.ARM.Collect$$libinit$$0000000E)
    __rt_lib_init_return                     0x080001a3   Thumb Code     0  libinit2.o(.ARM.Collect$$libinit$$00000033)
    __rt_lib_init_signal_1                   0x080001a3   Thumb Code     0  libinit2.o(.ARM.Collect$$libinit$$0000001D)
    __rt_lib_init_stdio_1                    0x080001a3   Thumb Code     0  libinit2.o(.ARM.Collect$$libinit$$00000025)
    __rt_lib_init_user_alloc_1               0x080001a3   Thumb Code     0  libinit2.o(.ARM.Collect$$libinit$$0000000C)
    __rt_lib_shutdown                        0x080001a5   Thumb Code     0  libshutdown.o(.ARM.Collect$$libshutdown$$00000000)
    __rt_lib_shutdown_cpp_1                  0x080001a7   Thumb Code     0  libshutdown2.o(.ARM.Collect$$libshutdown$$00000002)
    __rt_lib_shutdown_fp_trap_1              0x080001a7   Thumb Code     0  libshutdown2.o(.ARM.Collect$$libshutdown$$00000007)
    __rt_lib_shutdown_heap_1                 0x080001a7   Thumb Code     0  libshutdown2.o(.ARM.Collect$$libshutdown$$0000000F)
    __rt_lib_shutdown_return                 0x080001a7   Thumb Code     0  libshutdown2.o(.ARM.Collect$$libshutdown$$00000010)
    __rt_lib_shutdown_signal_1               0x080001a7   Thumb Code     0  libshutdown2.o(.ARM.Collect$$libshutdown$$0000000A)
    __rt_lib_shutdown_stdio_1                0x080001a7   Thumb Code     0  libshutdown2.o(.ARM.Collect$$libshutdown$$00000004)
    __rt_lib_shutdown_user_alloc_1           0x080001a7   Thumb Code     0  libshutdown2.o(.ARM.Collect$$libshutdown$$0000000C)
    __rt_entry                               0x080001a9   Thumb Code     0  __rtentry.o(.ARM.Collect$$rtentry$$00000000)
    __rt_entry_presh_1                       0x080001a9   Thumb Code     0  __rtentry2.o(.ARM.Collect$$rtentry$$00000002)
    __rt_entry_sh                            0x080001a9   Thumb Code     0  __rtentry4.o(.ARM.Collect$$rtentry$$00000004)
    __rt_entry_li                            0x080001af   Thumb Code     0  __rtentry2.o(.ARM.Collect$$rtentry$$0000000A)
    __rt_entry_postsh_1                      0x080001af   Thumb Code     0  __rtentry2.o(.ARM.Collect$$rtentry$$00000009)
    __rt_entry_main                          0x080001b3   Thumb Code     0  __rtentry2.o(.ARM.Collect$$rtentry$$0000000D)
    __rt_entry_postli_1                      0x080001b3   Thumb Code     0  __rtentry2.o(.ARM.Collect$$rtentry$$0000000C)
    __rt_exit                                0x080001bb   Thumb Code     0  rtexit.o(.ARM.Collect$$rtexit$$00000000)
    __rt_exit_ls                             0x080001bd   Thumb Code     0  rtexit2.o(.ARM.Collect$$rtexit$$00000003)
    __rt_exit_prels_1                        0x080001bd   Thumb Code     0  rtexit2.o(.ARM.Collect$$rtexit$$00000002)
    __rt_exit_exit                           0x080001c1   Thumb Code     0  rtexit2.o(.ARM.Collect$$rtexit$$00000004)
    WFI_SET                                  0x080001c9   Thumb Code     2  sys.o(.emb_text)
    INTX_DISABLE                             0x080001cb   Thumb Code     2  sys.o(.emb_text)
    INTX_ENABLE                              0x080001cd   Thumb Code     2  sys.o(.emb_text)
    MSR_MSP                                  0x080001cf   Thumb Code     6  sys.o(.emb_text)
    Reset_Handler                            0x080001d5   Thumb Code     4  startup_stm32f10x_md.o(.text)
    NMI_Handler                              0x080001d9   Thumb Code     2  startup_stm32f10x_md.o(.text)
    HardFault_Handler                        0x080001db   Thumb Code     2  startup_stm32f10x_md.o(.text)
    MemManage_Handler                        0x080001dd   Thumb Code     2  startup_stm32f10x_md.o(.text)
    BusFault_Handler                         0x080001df   Thumb Code     2  startup_stm32f10x_md.o(.text)
    UsageFault_Handler                       0x080001e1   Thumb Code     2  startup_stm32f10x_md.o(.text)
    SVC_Handler                              0x080001e3   Thumb Code     2  startup_stm32f10x_md.o(.text)
    DebugMon_Handler                         0x080001e5   Thumb Code     2  startup_stm32f10x_md.o(.text)
    PendSV_Handler                           0x080001e7   Thumb Code     2  startup_stm32f10x_md.o(.text)
    SysTick_Handler                          0x080001e9   Thumb Code     2  startup_stm32f10x_md.o(.text)
    ADC1_2_IRQHandler                        0x080001eb   Thumb Code     0  startup_stm32f10x_md.o(.text)
    CAN1_RX1_IRQHandler                      0x080001eb   Thumb Code     0  startup_stm32f10x_md.o(.text)
    CAN1_SCE_IRQHandler                      0x080001eb   Thumb Code     0  startup_stm32f10x_md.o(.text)
    DMA1_Channel1_IRQHandler                 0x080001eb   Thumb Code     0  startup_stm32f10x_md.o(.text)
    DMA1_Channel2_IRQHandler                 0x080001eb   Thumb Code     0  startup_stm32f10x_md.o(.text)
    DMA1_Channel3_IRQHandler                 0x080001eb   Thumb Code     0  startup_stm32f10x_md.o(.text)
    DMA1_Channel4_IRQHandler                 0x080001eb   Thumb Code     0  startup_stm32f10x_md.o(.text)
    DMA1_Channel5_IRQHandler                 0x080001eb   Thumb Code     0  startup_stm32f10x_md.o(.text)
    DMA1_Channel6_IRQHandler                 0x080001eb   Thumb Code     0  startup_stm32f10x_md.o(.text)
    DMA1_Channel7_IRQHandler                 0x080001eb   Thumb Code     0  startup_stm32f10x_md.o(.text)
    EXTI15_10_IRQHandler                     0x080001eb   Thumb Code     0  startup_stm32f10x_md.o(.text)
    EXTI1_IRQHandler                         0x080001eb   Thumb Code     0  startup_stm32f10x_md.o(.text)
    EXTI9_5_IRQHandler                       0x080001eb   Thumb Code     0  startup_stm32f10x_md.o(.text)
    FLASH_IRQHandler                         0x080001eb   Thumb Code     0  startup_stm32f10x_md.o(.text)
    I2C1_ER_IRQHandler                       0x080001eb   Thumb Code     0  startup_stm32f10x_md.o(.text)
    I2C1_EV_IRQHandler                       0x080001eb   Thumb Code     0  startup_stm32f10x_md.o(.text)
    I2C2_ER_IRQHandler                       0x080001eb   Thumb Code     0  startup_stm32f10x_md.o(.text)
    I2C2_EV_IRQHandler                       0x080001eb   Thumb Code     0  startup_stm32f10x_md.o(.text)
    PVD_IRQHandler                           0x080001eb   Thumb Code     0  startup_stm32f10x_md.o(.text)
    RCC_IRQHandler                           0x080001eb   Thumb Code     0  startup_stm32f10x_md.o(.text)
    RTCAlarm_IRQHandler                      0x080001eb   Thumb Code     0  startup_stm32f10x_md.o(.text)
    RTC_IRQHandler                           0x080001eb   Thumb Code     0  startup_stm32f10x_md.o(.text)
    SPI1_IRQHandler                          0x080001eb   Thumb Code     0  startup_stm32f10x_md.o(.text)
    SPI2_IRQHandler                          0x080001eb   Thumb Code     0  startup_stm32f10x_md.o(.text)
    TAMPER_IRQHandler                        0x080001eb   Thumb Code     0  startup_stm32f10x_md.o(.text)
    TIM1_BRK_IRQHandler                      0x080001eb   Thumb Code     0  startup_stm32f10x_md.o(.text)
    TIM1_CC_IRQHandler                       0x080001eb   Thumb Code     0  startup_stm32f10x_md.o(.text)
    TIM1_TRG_COM_IRQHandler                  0x080001eb   Thumb Code     0  startup_stm32f10x_md.o(.text)
    TIM1_UP_IRQHandler                       0x080001eb   Thumb Code     0  startup_stm32f10x_md.o(.text)
    TIM2_IRQHandler                          0x080001eb   Thumb Code     0  startup_stm32f10x_md.o(.text)
    TIM4_IRQHandler                          0x080001eb   Thumb Code     0  startup_stm32f10x_md.o(.text)
    USART1_IRQHandler                        0x080001eb   Thumb Code     0  startup_stm32f10x_md.o(.text)
    USART2_IRQHandler                        0x080001eb   Thumb Code     0  startup_stm32f10x_md.o(.text)
    USART3_IRQHandler                        0x080001eb   Thumb Code     0  startup_stm32f10x_md.o(.text)
    USBWakeUp_IRQHandler                     0x080001eb   Thumb Code     0  startup_stm32f10x_md.o(.text)
    USB_HP_CAN1_TX_IRQHandler                0x080001eb   Thumb Code     0  startup_stm32f10x_md.o(.text)
    USB_LP_CAN1_RX0_IRQHandler               0x080001eb   Thumb Code     0  startup_stm32f10x_md.o(.text)
    WWDG_IRQHandler                          0x080001eb   Thumb Code     0  startup_stm32f10x_md.o(.text)
    __user_initial_stackheap                 0x080001ed   Thumb Code     0  startup_stm32f10x_md.o(.text)
    main                                     0x0800020d   Thumb Code   190  main.o(.text)
    TIM3_IRQHandler                          0x080002cb   Thumb Code   192  main.o(.text)
    delay_init                               0x080003c5   Thumb Code    56  delay.o(.text)
    delay_us                                 0x080003fd   Thumb Code    56  delay.o(.text)
    delay_ms                                 0x08000435   Thumb Code    56  delay.o(.text)
    MY_NVIC_SetVectorTable                   0x08000475   Thumb Code    12  sys.o(.text)
    MY_NVIC_PriorityGroupConfig              0x08000481   Thumb Code    36  sys.o(.text)
    MY_NVIC_Init                             0x080004a5   Thumb Code   144  sys.o(.text)
    Ex_NVIC_Config                           0x08000535   Thumb Code   146  sys.o(.text)
    MYRCC_DeInit                             0x080005c7   Thumb Code    90  sys.o(.text)
    Sys_Standby                              0x08000621   Thumb Code    68  sys.o(.text)
    Sys_Soft_Reset                           0x08000665   Thumb Code    12  sys.o(.text)
    JTAG_Set                                 0x08000671   Thumb Code    42  sys.o(.text)
    Stm32_Clock_Init                         0x0800069b   Thumb Code   134  sys.o(.text)
    _sys_exit                                0x08000751   Thumb Code     6  usart.o(.text)
    fputc                                    0x08000757   Thumb Code    24  usart.o(.text)
    uart_init                                0x0800076f   Thumb Code   182  usart.o(.text)
    Send_Char                                0x08000825   Thumb Code    22  usart.o(.text)
    Send_Str                                 0x0800083b   Thumb Code    38  usart.o(.text)
    LED_Init                                 0x08000871   Thumb Code   100  led.o(.text)
    Show_str_leds                            0x080008d5   Thumb Code   186  led.o(.text)
    ALL_LEDS_ON                              0x0800098f   Thumb Code    34  led.o(.text)
    ALL_LEDS_OFF                             0x080009b1   Thumb Code    34  led.o(.text)
    LED_twinkle                              0x080009d3   Thumb Code    94  led.o(.text)
    NRF24L01_Init                            0x08000a3d   Thumb Code   178  24l01.o(.text)
    NRF24L01_Write_Reg                       0x08000aef   Thumb Code    38  24l01.o(.text)
    NRF24L01_Read_Reg                        0x08000b15   Thumb Code    36  24l01.o(.text)
    NRF24L01_Read_Buf                        0x08000b39   Thumb Code    56  24l01.o(.text)
    NRF24L01_Write_Buf                       0x08000b71   Thumb Code    56  24l01.o(.text)
    NRF24L01_RxPacket                        0x08000ba9   Thumb Code    66  24l01.o(.text)
    NRF24L01_RX_Mode                         0x08000beb   Thumb Code   124  24l01.o(.text)
    NRF24L01_Check                           0x08000c67   Thumb Code    66  24l01.o(.text)
    SPI1_ReadWriteByte                       0x08000cd9   Thumb Code    78  spi.o(.text)
    SPI1_Init                                0x08000d27   Thumb Code   162  spi.o(.text)
    SPI1_SetSpeed                            0x08000dc9   Thumb Code    40  spi.o(.text)
    EXTI0_IRQHandler                         0x08000e01   Thumb Code     8  exti.o(.text)
    EXTI2_IRQHandler                         0x08000e09   Thumb Code     8  exti.o(.text)
    EXTI3_IRQHandler                         0x08000e11   Thumb Code     8  exti.o(.text)
    EXTI4_IRQHandler                         0x08000e19   Thumb Code     8  exti.o(.text)
    EXTIX_Init                               0x08000e21   Thumb Code    26  exti.o(.text)
    TIM3_Int_Init                            0x08000e41   Thumb Code    72  timer.o(.text)
    TIM2_PWM_Init                            0x08000e89   Thumb Code   226  timer.o(.text)
    TIM5_Int_Init                            0x08000f6b   Thumb Code    72  timer.o(.text)
    MPU6050_CONVENT                          0x08000fcd   Thumb Code   158  mpu6050.o(.text)
    MPU6050_READ                             0x0800106b   Thumb Code    16  mpu6050.o(.text)
    IICwriteBit                              0x0800107b   Thumb Code    66  mpu6050.o(.text)
    IICwriteBits                             0x080010bd   Thumb Code   102  mpu6050.o(.text)
    MPU6050_setClockSource                   0x08001123   Thumb Code    20  mpu6050.o(.text)
    MPU6050_setFullScaleGyroRange            0x08001137   Thumb Code    20  mpu6050.o(.text)
    MPU6050_setFullScaleAccelRange           0x0800114b   Thumb Code    20  mpu6050.o(.text)
    MPU6050_setSleepEnabled                  0x0800115f   Thumb Code    18  mpu6050.o(.text)
    MPU6050_setI2CMasterModeEnabled          0x08001171   Thumb Code    18  mpu6050.o(.text)
    MPU6050_setI2CBypassEnabled              0x08001183   Thumb Code    18  mpu6050.o(.text)
    MPU6050_setDLPF                          0x08001195   Thumb Code    20  mpu6050.o(.text)
    MPU6050_setRATE                          0x080011a9   Thumb Code    20  mpu6050.o(.text)
    MPU6050_INIT                             0x080011bd   Thumb Code    98  mpu6050.o(.text)
    Get_OFFSET                               0x0800121f   Thumb Code   292  mpu6050.o(.text)
    I2C_delay                                0x08001371   Thumb Code    18  stm32_i2c.o(.text)
    i2cInit                                  0x080015d7   Thumb Code    40  stm32_i2c.o(.text)
    i2cWriteBuffer                           0x080015ff   Thumb Code   100  stm32_i2c.o(.text)
    i2cWrite                                 0x08001663   Thumb Code    72  stm32_i2c.o(.text)
    i2cRead                                  0x080016ab   Thumb Code   120  stm32_i2c.o(.text)
    init_HMC5883                             0x08001723   Thumb Code    54  stm32_i2c.o(.text)
    HMC5883_read                             0x08001759   Thumb Code   146  stm32_i2c.o(.text)
    ACC_SMOOTH                               0x080017ed   Thumb Code   410  imu.o(.text)
    MahonyIMUupdate                          0x08001987   Thumb Code  1602  imu.o(.text)
    ACC_Filter_with_FIR                      0x08001fc9   Thumb Code   508  imu.o(.text)
    ADXL345_Get_Angle                        0x080021c5   Thumb Code   364  imu.o(.text)
    my_abs                                   0x08002365   Thumb Code    32  fast_math.o(.text)
    my_pow                                   0x08002385   Thumb Code    14  fast_math.o(.text)
    my_sqrt                                  0x08002393   Thumb Code   114  fast_math.o(.text)
    mx_sin                                   0x08002405   Thumb Code   216  fast_math.o(.text)
    my_sin                                   0x080024dd   Thumb Code    76  fast_math.o(.text)
    my_cos                                   0x08002529   Thumb Code   106  fast_math.o(.text)
    xatan                                    0x08002593   Thumb Code   144  fast_math.o(.text)
    yatan                                    0x08002623   Thumb Code   194  fast_math.o(.text)
    my_asin                                  0x080026e5   Thumb Code   320  fast_math.o(.text)
    invSqrt                                  0x08002825   Thumb Code    72  fast_math.o(.text)
    PID_INIT                                 0x08002871   Thumb Code    78  control.o(.text)
    EXP_SMOOTH                               0x080028bf   Thumb Code   146  control.o(.text)
    READ_CONTROL_COMMAND                     0x08002951   Thumb Code   566  control.o(.text)
    Refresh_Or_STOP_MOTOR                    0x08002b87   Thumb Code   126  control.o(.text)
    Limit_amplitude                          0x08002c05   Thumb Code   282  control.o(.text)
    STABLE_WITH_PID                          0x08002d1f   Thumb Code  1170  control.o(.text)
    CRASH_LANDING                            0x080031b1   Thumb Code    38  control.o(.text)
    __use_no_semihosting                     0x080031e9   Thumb Code     2  use_no_semi_2.o(.text)
    __aeabi_memcpy4                          0x080031eb   Thumb Code     0  rt_memcpy_w.o(.text)
    __aeabi_memcpy8                          0x080031eb   Thumb Code     0  rt_memcpy_w.o(.text)
    __rt_memcpy_w                            0x080031eb   Thumb Code   100  rt_memcpy_w.o(.text)
    _memcpy_lastbytes_aligned                0x08003233   Thumb Code     0  rt_memcpy_w.o(.text)
    __use_two_region_memory                  0x0800324f   Thumb Code     2  heapauxi.o(.text)
    __rt_heap_escrow$2region                 0x08003251   Thumb Code     2  heapauxi.o(.text)
    __rt_heap_expand$2region                 0x08003253   Thumb Code     2  heapauxi.o(.text)
    __I$use$semihosting                      0x08003255   Thumb Code     0  use_no_semi.o(.text)
    __use_no_semihosting_swi                 0x08003255   Thumb Code     2  use_no_semi.o(.text)
    __read_errno                             0x08003257   Thumb Code    10  _rserrno.o(.text)
    __set_errno                              0x08003261   Thumb Code    12  _rserrno.o(.text)
    __aeabi_errno_addr                       0x0800326d   Thumb Code     8  rt_errno_addr_intlibspace.o(.text)
    __errno$intlibspace                      0x0800326d   Thumb Code     0  rt_errno_addr_intlibspace.o(.text)
    __rt_errno_addr$intlibspace              0x0800326d   Thumb Code     0  rt_errno_addr_intlibspace.o(.text)
    __user_libspace                          0x08003275   Thumb Code     8  libspace.o(.text)
    __user_perproc_libspace                  0x08003275   Thumb Code     0  libspace.o(.text)
    __user_perthread_libspace                0x08003275   Thumb Code     0  libspace.o(.text)
    __user_setup_stackheap                   0x0800327d   Thumb Code    74  sys_stackheap_outer.o(.text)
    exit                                     0x080032c7   Thumb Code    18  exit.o(.text)
    __ARM_fpclassify                         0x080032d9   Thumb Code    40  fpclassify.o(i.__ARM_fpclassify)
    __kernel_poly                            0x08003301   Thumb Code   170  poly.o(i.__kernel_poly)
    __mathlib_dbl_infnan                     0x080033ab   Thumb Code     6  dunder.o(i.__mathlib_dbl_infnan)
    __mathlib_dbl_infnan2                    0x080033b1   Thumb Code     4  dunder.o(i.__mathlib_dbl_infnan2)
    __mathlib_dbl_invalid                    0x080033b5   Thumb Code    12  dunder.o(i.__mathlib_dbl_invalid)
    __mathlib_dbl_underflow                  0x080033c1   Thumb Code    10  dunder.o(i.__mathlib_dbl_underflow)
    asin                                     0x080033d1   Thumb Code   572  asin.o(i.asin)
    atan                                     0x08003641   Thumb Code   474  atan.o(i.atan)
    atan2                                    0x08003861   Thumb Code   346  atan2.o(i.atan2)
    sqrt                                     0x080039e1   Thumb Code    76  sqrt.o(i.sqrt)
    __aeabi_d2f                              0x08003a2d   Thumb Code     0  d2f.o(x$fpl$d2f)
    _d2f                                     0x08003a2d   Thumb Code    98  d2f.o(x$fpl$d2f)
    __aeabi_dadd                             0x08003a91   Thumb Code     0  daddsub_clz.o(x$fpl$dadd)
    _dadd                                    0x08003a91   Thumb Code   332  daddsub_clz.o(x$fpl$dadd)
    __fpl_dcheck_NaN1                        0x08003be1   Thumb Code    10  dcheck1.o(x$fpl$dcheck1)
    __fpl_dcmp_Inf                           0x08003bf1   Thumb Code    24  dcmpi.o(x$fpl$dcmpinf)
    __aeabi_ddiv                             0x08003c09   Thumb Code     0  ddiv.o(x$fpl$ddiv)
    _ddiv                                    0x08003c09   Thumb Code   552  ddiv.o(x$fpl$ddiv)
    __aeabi_d2iz                             0x08003eb9   Thumb Code     0  dfix.o(x$fpl$dfix)
    _dfix                                    0x08003eb9   Thumb Code    94  dfix.o(x$fpl$dfix)
    __aeabi_i2d                              0x08003f17   Thumb Code     0  dflt_clz.o(x$fpl$dflt)
    _dflt                                    0x08003f17   Thumb Code    46  dflt_clz.o(x$fpl$dflt)
    __aeabi_ui2d                             0x08003f45   Thumb Code     0  dflt_clz.o(x$fpl$dfltu)
    _dfltu                                   0x08003f45   Thumb Code    38  dflt_clz.o(x$fpl$dfltu)
    __aeabi_cdcmple                          0x08003f6d   Thumb Code     0  dleqf.o(x$fpl$dleqf)
    _dcmple                                  0x08003f6d   Thumb Code   120  dleqf.o(x$fpl$dleqf)
    __fpl_dcmple_InfNaN                      0x08003fcf   Thumb Code     0  dleqf.o(x$fpl$dleqf)
    __aeabi_dmul                             0x08003fe5   Thumb Code     0  dmul.o(x$fpl$dmul)
    _dmul                                    0x08003fe5   Thumb Code   332  dmul.o(x$fpl$dmul)
    __fpl_dnaninf                            0x08004139   Thumb Code   156  dnaninf.o(x$fpl$dnaninf)
    __fpl_dretinf                            0x080041d5   Thumb Code    12  dretinf.o(x$fpl$dretinf)
    __aeabi_cdrcmple                         0x080041e1   Thumb Code     0  drleqf.o(x$fpl$drleqf)
    _drcmple                                 0x080041e1   Thumb Code   108  drleqf.o(x$fpl$drleqf)
    __aeabi_drsub                            0x0800424d   Thumb Code     0  daddsub_clz.o(x$fpl$drsb)
    _drsb                                    0x0800424d   Thumb Code    22  daddsub_clz.o(x$fpl$drsb)
    _dsqrt                                   0x08004265   Thumb Code   456  dsqrt_noumaal.o(x$fpl$dsqrt)
    __aeabi_dsub                             0x08004431   Thumb Code     0  daddsub_clz.o(x$fpl$dsub)
    _dsub                                    0x08004431   Thumb Code   464  daddsub_clz.o(x$fpl$dsub)
    __aeabi_f2d                              0x08004605   Thumb Code     0  f2d.o(x$fpl$f2d)
    _f2d                                     0x08004605   Thumb Code    86  f2d.o(x$fpl$f2d)
    __aeabi_fadd                             0x0800465d   Thumb Code     0  faddsub_clz.o(x$fpl$fadd)
    _fadd                                    0x0800465d   Thumb Code   196  faddsub_clz.o(x$fpl$fadd)
    __fpl_fcmp_Inf                           0x08004721   Thumb Code    24  fcmpi.o(x$fpl$fcmpinf)
    __aeabi_fdiv                             0x08004739   Thumb Code     0  fdiv.o(x$fpl$fdiv)
    _fdiv                                    0x08004739   Thumb Code   384  fdiv.o(x$fpl$fdiv)
    __aeabi_f2iz                             0x080048bd   Thumb Code     0  ffix.o(x$fpl$ffix)
    _ffix                                    0x080048bd   Thumb Code    54  ffix.o(x$fpl$ffix)
    __aeabi_f2uiz                            0x080048f5   Thumb Code     0  ffixu.o(x$fpl$ffixu)
    _ffixu                                   0x080048f5   Thumb Code    62  ffixu.o(x$fpl$ffixu)
    __aeabi_i2f                              0x08004935   Thumb Code     0  fflt_clz.o(x$fpl$fflt)
    _fflt                                    0x08004935   Thumb Code    48  fflt_clz.o(x$fpl$fflt)
    __aeabi_ui2f                             0x08004965   Thumb Code     0  fflt_clz.o(x$fpl$ffltu)
    _ffltu                                   0x08004965   Thumb Code    38  fflt_clz.o(x$fpl$ffltu)
    __aeabi_cfcmple                          0x0800498d   Thumb Code     0  fleqf.o(x$fpl$fleqf)
    _fcmple                                  0x0800498d   Thumb Code   104  fleqf.o(x$fpl$fleqf)
    __fpl_fcmple_InfNaN                      0x080049df   Thumb Code     0  fleqf.o(x$fpl$fleqf)
    __aeabi_fmul                             0x080049f5   Thumb Code     0  fmul.o(x$fpl$fmul)
    _fmul                                    0x080049f5   Thumb Code   258  fmul.o(x$fpl$fmul)
    __fpl_fnaninf                            0x08004af7   Thumb Code   140  fnaninf.o(x$fpl$fnaninf)
    __fpl_fretinf                            0x08004b83   Thumb Code    10  fretinf.o(x$fpl$fretinf)
    __aeabi_cfrcmple                         0x08004b8d   Thumb Code     0  frleqf.o(x$fpl$frleqf)
    _frcmple                                 0x08004b8d   Thumb Code    98  frleqf.o(x$fpl$frleqf)
    __aeabi_frsub                            0x08004bef   Thumb Code     0  faddsub_clz.o(x$fpl$frsb)
    _frsb                                    0x08004bef   Thumb Code    20  faddsub_clz.o(x$fpl$frsb)
    __aeabi_fsub                             0x08004c05   Thumb Code     0  faddsub_clz.o(x$fpl$fsub)
    _fsub                                    0x08004c05   Thumb Code   234  faddsub_clz.o(x$fpl$fsub)
    __fpl_return_NaN                         0x08004cef   Thumb Code   100  retnan.o(x$fpl$retnan)
    __ARM_scalbn                             0x08004d53   Thumb Code    92  scalbn.o(x$fpl$scalbn)
    __fpl_cmpreturn                          0x08004daf   Thumb Code    48  trapv.o(x$fpl$trapveneer)
    __I$use$fp                               0x08004dde   Number         0  usenofp.o(x$fpl$usenofp)
    __mathlib_zero                           0x08004f18   Data           8  qnan.o(.constdata)
    Region$$Table$$Base                      0x08004f20   Number         0  anon$$obj.o(Region$$Table)
    Region$$Table$$Limit                     0x08004f40   Number         0  anon$$obj.o(Region$$Table)
    delays                                   0x20000000   Data           1  main.o(.data)
    wireless                                 0x20000001   Data           1  main.o(.data)
    loss_wireless                            0x20000004   Data           4  main.o(.data)
    angle                                    0x20000008   Data           4  main.o(.data)
    tms                                      0x2000000c   Data           2  main.o(.data)
    p_long                                   0x20000010   Data           4  main.o(.data)
    r_long                                   0x20000014   Data           4  main.o(.data)
    adj_r                                    0x20000018   Data           4  main.o(.data)
    adj_p                                    0x2000001c   Data           4  main.o(.data)
    tmp_buf2                                 0x20000024   Data          32  24l01.o(.data)
    TX_ADDRESS                               0x20000044   Data           5  24l01.o(.data)
    RX_ADDRESS                               0x20000049   Data           5  24l01.o(.data)
    VAL                                      0x2000004e   Data           1  24l01.o(.data)
    sss                                      0x2000004f   Data           1  24l01.o(.data)
    FF1                                      0x20000050   Data           1  24l01.o(.data)
    DYN                                      0x20000051   Data           1  24l01.o(.data)
    twoKp                                    0x20000054   Data           4  imu.o(.data)
    twoKi                                    0x20000058   Data           4  imu.o(.data)
    dt                                       0x2000005c   Data           4  imu.o(.data)
    integralFBx                              0x20000060   Data           4  imu.o(.data)
    integralFBy                              0x20000064   Data           4  imu.o(.data)
    integralFBz                              0x20000068   Data           4  imu.o(.data)
    q0                                       0x2000006c   Data           4  imu.o(.data)
    q1                                       0x20000070   Data           4  imu.o(.data)
    q2                                       0x20000074   Data           4  imu.o(.data)
    q3                                       0x20000078   Data           4  imu.o(.data)
    ACC                                      0x20000080   Data           6  control.o(.data)
    GYR_CTR                                  0x20000086   Data           6  control.o(.data)
    GYR                                      0x2000008c   Data           6  control.o(.data)
    GYR_RATE                                 0x20000092   Data           6  control.o(.data)
    HMC                                      0x20000098   Data           6  control.o(.data)
    ACC_OFFSET                               0x2000009e   Data           6  control.o(.data)
    GYR_OFFSET                               0x200000a4   Data           6  control.o(.data)
    ACC_AVG                                  0x200000aa   Data           6  control.o(.data)
    Pitch                                    0x200000b0   Data           4  control.o(.data)
    Rool                                     0x200000b4   Data           4  control.o(.data)
    Yaw                                      0x200000b8   Data           4  control.o(.data)
    rool                                     0x200000bc   Data           4  control.o(.data)
    pitch                                    0x200000c0   Data           4  control.o(.data)
    EXP_YAW                                  0x200000c4   Data           4  control.o(.data)
    ct                                       0x200000c8   Data           1  control.o(.data)
    FLY_EN                                   0x200000c9   Data           1  control.o(.data)
    ThreeD_EN                                0x200000ca   Data           1  control.o(.data)
    ThreeD_TMS                               0x200000cc   Data           2  control.o(.data)
    Motion                                   0x200000ce   Data           1  control.o(.data)
    Last_Motion                              0x200000cf   Data           1  control.o(.data)
    Dynamic_PID_rate                         0x200000d0   Data           4  control.o(.data)
    D2                                       0x200000d4   Data           4  control.o(.data)
    Exp_rate                                 0x200000d8   Data           4  control.o(.data)
    t1                                       0x200000dc   Data           4  control.o(.data)
    t2                                       0x200000e0   Data           4  control.o(.data)
    t3                                       0x200000e4   Data           4  control.o(.data)
    NOW_GO_BACK_X                            0x200000e8   Data           4  control.o(.data)
    NOW_GO_BACK_Y                            0x200000ec   Data           4  control.o(.data)
    LAST_GO_BACK_X                           0x200000f0   Data           4  control.o(.data)
    LAST_GO_BACK_Y                           0x200000f4   Data           4  control.o(.data)
    GO_BACK_X_VAL                            0x200000f8   Data           4  control.o(.data)
    GO_BACK_Y_VAL                            0x200000fc   Data           4  control.o(.data)
    GO_BACK_X_CT                             0x20000100   Data           2  control.o(.data)
    GO_BACK_Y_CT                             0x20000102   Data           2  control.o(.data)
    GO_BACK_X_STR                            0x20000104   Data           1  control.o(.data)
    GO_BACK_Y_STR                            0x20000105   Data           1  control.o(.data)
    avg_exp_x                                0x20000108   Data           4  control.o(.data)
    avg_exp_y                                0x2000010c   Data           4  control.o(.data)
    last_exp_x                               0x20000110   Data           4  control.o(.data)
    last_exp_y                               0x20000114   Data           4  control.o(.data)
    now_exp_x                                0x20000118   Data           4  control.o(.data)
    now_exp_y                                0x2000011c   Data           4  control.o(.data)
    turn                                     0x20000120   Data           4  control.o(.data)
    tt1                                      0x20000124   Data           4  control.o(.data)
    tt2                                      0x20000128   Data           4  control.o(.data)
    maxx                                     0x2000012c   Data           4  control.o(.data)
    goback                                   0x20000130   Data           4  control.o(.data)
    yaw_error                                0x20000134   Data           4  control.o(.data)
    last_yaw_error                           0x20000138   Data           4  control.o(.data)
    yaw_p                                    0x2000013c   Data           4  control.o(.data)
    yaw_d                                    0x20000140   Data           4  control.o(.data)
    exp_yaw                                  0x20000144   Data           4  control.o(.data)
    yaw_tmp                                  0x20000148   Data           4  control.o(.data)
    turn_rate                                0x2000014c   Data           4  control.o(.data)
    last_gyr_x                               0x20000150   Data           4  control.o(.data)
    last_gyr_y                               0x20000154   Data           4  control.o(.data)
    sum_gyr_x                                0x20000158   Data           4  control.o(.data)
    sum_gyr_y                                0x2000015c   Data           4  control.o(.data)
    Motor1                                   0x20000160   Data           4  control.o(.data)
    Motor2                                   0x20000164   Data           4  control.o(.data)
    Motor3                                   0x20000168   Data           4  control.o(.data)
    Motor4                                   0x2000016c   Data           4  control.o(.data)
    yaw                                      0x20000170   Data           4  control.o(.data)
    yaw_dt                                   0x20000174   Data           4  control.o(.data)
    RI_MAX                                   0x20000178   Data           4  control.o(.data)
    PI_MAX                                   0x2000017c   Data           4  control.o(.data)
    RX_buf                                   0x20000184   Data          32  main.o(.bss)
    TX_buf                                   0x200001a4   Data          32  main.o(.bss)
    acc_hold                                 0x200001c4   Data          12  main.o(.bss)
    mpu6050_buffer                           0x200001d0   Data          14  mpu6050.o(.bss)
    gyr_offset_f                             0x200001e0   Data          12  mpu6050.o(.bss)
    ACC_X_BUF                                0x200001ec   Data          20  imu.o(.bss)
    ACC_Y_BUF                                0x20000200   Data          20  imu.o(.bss)
    ACC_Z_BUF                                0x20000214   Data          20  imu.o(.bss)
    Accbuffer_x                              0x20000228   Data          76  imu.o(.bss)
    Accbuffer_y                              0x20000274   Data          76  imu.o(.bss)
    Accbuffer_z                              0x200002c0   Data          76  imu.o(.bss)
    GYR_F                                    0x2000030c   Data          12  control.o(.bss)
    GYR_F_RATE                               0x20000318   Data          12  control.o(.bss)
    GYR_F_AVG                                0x20000324   Data          12  control.o(.bss)
    Current_ERROR                            0x20000330   Data          12  control.o(.bss)
    PID_DATA                                 0x2000033c   Data          24  control.o(.bss)
    YAW_PID                                  0x20000354   Data          24  control.o(.bss)
    EXP_PID                                  0x2000036c   Data          24  control.o(.bss)
    COMD                                     0x20000384   Data          16  control.o(.bss)
    EXP_THTA                                 0x20000394   Data          12  control.o(.bss)
    EXP_BUF_x                                0x200003a0   Data         200  control.o(.bss)
    EXP_BUF_y                                0x20000468   Data         200  control.o(.bss)
    __libspace_start                         0x20000530   Data          96  libspace.o(.bss)
    __temporary_stack_top$libspace           0x20000590   Data           0  libspace.o(.bss)



==============================================================================

Memory Map of the image

  Image Entry point : 0x080000ed

  Load Region LR_IROM1 (Base: 0x08000000, Size: 0x000050c4, Max: 0x00020000, ABSOLUTE, COMPRESSED[0x00004f74])

    Execution Region ER_IROM1 (Base: 0x08000000, Size: 0x00004f40, Max: 0x00020000, ABSOLUTE)

    Base Addr    Size         Type   Attr      Idx    E Section Name        Object

    0x08000000   0x000000ec   Data   RO            3    RESET               startup_stm32f10x_md.o
    0x080000ec   0x00000008   Code   RO          319  * !!!main             c_w.l(__main.o)
    0x080000f4   0x00000034   Code   RO          621    !!!scatter          c_w.l(__scatter.o)
    0x08000128   0x0000005a   Code   RO          619    !!dczerorl2         c_w.l(__dczerorl2.o)
    0x08000182   0x00000002   PAD
    0x08000184   0x0000001c   Code   RO          623    !!handler_zi        c_w.l(__scatter_zi.o)
    0x080001a0   0x00000002   Code   RO          492    .ARM.Collect$$libinit$$00000000  c_w.l(libinit.o)
    0x080001a2   0x00000000   Code   RO          498    .ARM.Collect$$libinit$$00000002  c_w.l(libinit2.o)
    0x080001a2   0x00000000   Code   RO          500    .ARM.Collect$$libinit$$00000004  c_w.l(libinit2.o)
    0x080001a2   0x00000000   Code   RO          503    .ARM.Collect$$libinit$$0000000A  c_w.l(libinit2.o)
    0x080001a2   0x00000000   Code   RO          505    .ARM.Collect$$libinit$$0000000C  c_w.l(libinit2.o)
    0x080001a2   0x00000000   Code   RO          507    .ARM.Collect$$libinit$$0000000E  c_w.l(libinit2.o)
    0x080001a2   0x00000000   Code   RO          510    .ARM.Collect$$libinit$$00000011  c_w.l(libinit2.o)
    0x080001a2   0x00000000   Code   RO          512    .ARM.Collect$$libinit$$00000013  c_w.l(libinit2.o)
    0x080001a2   0x00000000   Code   RO          514    .ARM.Collect$$libinit$$00000015  c_w.l(libinit2.o)
    0x080001a2   0x00000000   Code   RO          516    .ARM.Collect$$libinit$$00000017  c_w.l(libinit2.o)
    0x080001a2   0x00000000   Code   RO          518    .ARM.Collect$$libinit$$00000019  c_w.l(libinit2.o)
    0x080001a2   0x00000000   Code   RO          520    .ARM.Collect$$libinit$$0000001B  c_w.l(libinit2.o)
    0x080001a2   0x00000000   Code   RO          522    .ARM.Collect$$libinit$$0000001D  c_w.l(libinit2.o)
    0x080001a2   0x00000000   Code   RO          524    .ARM.Collect$$libinit$$0000001F  c_w.l(libinit2.o)
    0x080001a2   0x00000000   Code   RO          526    .ARM.Collect$$libinit$$00000021  c_w.l(libinit2.o)
    0x080001a2   0x00000000   Code   RO          528    .ARM.Collect$$libinit$$00000023  c_w.l(libinit2.o)
    0x080001a2   0x00000000   Code   RO          530    .ARM.Collect$$libinit$$00000025  c_w.l(libinit2.o)
    0x080001a2   0x00000000   Code   RO          534    .ARM.Collect$$libinit$$0000002C  c_w.l(libinit2.o)
    0x080001a2   0x00000000   Code   RO          536    .ARM.Collect$$libinit$$0000002E  c_w.l(libinit2.o)
    0x080001a2   0x00000000   Code   RO          538    .ARM.Collect$$libinit$$00000030  c_w.l(libinit2.o)
    0x080001a2   0x00000000   Code   RO          540    .ARM.Collect$$libinit$$00000032  c_w.l(libinit2.o)
    0x080001a2   0x00000002   Code   RO          541    .ARM.Collect$$libinit$$00000033  c_w.l(libinit2.o)
    0x080001a4   0x00000002   Code   RO          561    .ARM.Collect$$libshutdown$$00000000  c_w.l(libshutdown.o)
    0x080001a6   0x00000000   Code   RO          571    .ARM.Collect$$libshutdown$$00000002  c_w.l(libshutdown2.o)
    0x080001a6   0x00000000   Code   RO          573    .ARM.Collect$$libshutdown$$00000004  c_w.l(libshutdown2.o)
    0x080001a6   0x00000000   Code   RO          576    .ARM.Collect$$libshutdown$$00000007  c_w.l(libshutdown2.o)
    0x080001a6   0x00000000   Code   RO          579    .ARM.Collect$$libshutdown$$0000000A  c_w.l(libshutdown2.o)
    0x080001a6   0x00000000   Code   RO          581    .ARM.Collect$$libshutdown$$0000000C  c_w.l(libshutdown2.o)
    0x080001a6   0x00000000   Code   RO          584    .ARM.Collect$$libshutdown$$0000000F  c_w.l(libshutdown2.o)
    0x080001a6   0x00000002   Code   RO          585    .ARM.Collect$$libshutdown$$00000010  c_w.l(libshutdown2.o)
    0x080001a8   0x00000000   Code   RO          419    .ARM.Collect$$rtentry$$00000000  c_w.l(__rtentry.o)
    0x080001a8   0x00000000   Code   RO          459    .ARM.Collect$$rtentry$$00000002  c_w.l(__rtentry2.o)
    0x080001a8   0x00000006   Code   RO          471    .ARM.Collect$$rtentry$$00000004  c_w.l(__rtentry4.o)
    0x080001ae   0x00000000   Code   RO          461    .ARM.Collect$$rtentry$$00000009  c_w.l(__rtentry2.o)
    0x080001ae   0x00000004   Code   RO          462    .ARM.Collect$$rtentry$$0000000A  c_w.l(__rtentry2.o)
    0x080001b2   0x00000000   Code   RO          464    .ARM.Collect$$rtentry$$0000000C  c_w.l(__rtentry2.o)
    0x080001b2   0x00000008   Code   RO          465    .ARM.Collect$$rtentry$$0000000D  c_w.l(__rtentry2.o)
    0x080001ba   0x00000002   Code   RO          495    .ARM.Collect$$rtexit$$00000000  c_w.l(rtexit.o)
    0x080001bc   0x00000000   Code   RO          545    .ARM.Collect$$rtexit$$00000002  c_w.l(rtexit2.o)
    0x080001bc   0x00000004   Code   RO          546    .ARM.Collect$$rtexit$$00000003  c_w.l(rtexit2.o)
    0x080001c0   0x00000006   Code   RO          547    .ARM.Collect$$rtexit$$00000004  c_w.l(rtexit2.o)
    0x080001c6   0x00000002   PAD
    0x080001c8   0x0000000c   Code   RO          108    .emb_text           sys.o
    0x080001d4   0x00000038   Code   RO            4    .text               startup_stm32f10x_md.o
    0x0800020c   0x000001b8   Code   RO           10    .text               main.o
    0x080003c4   0x000000b0   Code   RO           94    .text               delay.o
    0x08000474   0x000002dc   Code   RO          109    .text               sys.o
    0x08000750   0x00000120   Code   RO          124    .text               usart.o
    0x08000870   0x000001cc   Code   RO          143    .text               led.o
    0x08000a3c   0x0000029c   Code   RO          155    .text               24l01.o
    0x08000cd8   0x00000128   Code   RO          171    .text               spi.o
    0x08000e00   0x00000040   Code   RO          183    .text               exti.o
    0x08000e40   0x0000018c   Code   RO          199    .text               timer.o
    0x08000fcc   0x000003a4   Code   RO          211    .text               mpu6050.o
    0x08001370   0x0000047a   Code   RO          230    .text               stm32_i2c.o
    0x080017ea   0x00000002   PAD
    0x080017ec   0x00000b78   Code   RO          243    .text               imu.o
    0x08002364   0x0000050c   Code   RO          267    .text               fast_math.o
    0x08002870   0x00000978   Code   RO          279    .text               control.o
    0x080031e8   0x00000002   Code   RO          313    .text               c_w.l(use_no_semi_2.o)
    0x080031ea   0x00000064   Code   RO          315    .text               c_w.l(rt_memcpy_w.o)
    0x0800324e   0x00000006   Code   RO          317    .text               c_w.l(heapauxi.o)
    0x08003254   0x00000002   Code   RO          417    .text               c_w.l(use_no_semi.o)
    0x08003256   0x00000016   Code   RO          420    .text               c_w.l(_rserrno.o)
    0x0800326c   0x00000008   Code   RO          476    .text               c_w.l(rt_errno_addr_intlibspace.o)
    0x08003274   0x00000008   Code   RO          480    .text               c_w.l(libspace.o)
    0x0800327c   0x0000004a   Code   RO          483    .text               c_w.l(sys_stackheap_outer.o)
    0x080032c6   0x00000012   Code   RO          485    .text               c_w.l(exit.o)
    0x080032d8   0x00000028   Code   RO          453    i.__ARM_fpclassify  m_ws.l(fpclassify.o)
    0x08003300   0x000000aa   Code   RO          455    i.__kernel_poly     m_ws.l(poly.o)
    0x080033aa   0x00000006   Code   RO          440    i.__mathlib_dbl_infnan  m_ws.l(dunder.o)
    0x080033b0   0x00000004   Code   RO          441    i.__mathlib_dbl_infnan2  m_ws.l(dunder.o)
    0x080033b4   0x0000000c   Code   RO          442    i.__mathlib_dbl_invalid  m_ws.l(dunder.o)
    0x080033c0   0x00000010   Code   RO          445    i.__mathlib_dbl_underflow  m_ws.l(dunder.o)
    0x080033d0   0x00000270   Code   RO          382    i.asin              m_ws.l(asin.o)
    0x08003640   0x00000220   Code   RO          392    i.atan              m_ws.l(atan.o)
    0x08003860   0x00000180   Code   RO          402    i.atan2             m_ws.l(atan2.o)
    0x080039e0   0x0000004c   Code   RO          410    i.sqrt              m_ws.l(sqrt.o)
    0x08003a2c   0x00000062   Code   RO          321    x$fpl$d2f           fz_ws.l(d2f.o)
    0x08003a8e   0x00000002   PAD
    0x08003a90   0x00000150   Code   RO          323    x$fpl$dadd          fz_ws.l(daddsub_clz.o)
    0x08003be0   0x00000010   Code   RO          478    x$fpl$dcheck1       fz_ws.l(dcheck1.o)
    0x08003bf0   0x00000018   Code   RO          422    x$fpl$dcmpinf       fz_ws.l(dcmpi.o)
    0x08003c08   0x000002b0   Code   RO          330    x$fpl$ddiv          fz_ws.l(ddiv.o)
    0x08003eb8   0x0000005e   Code   RO          333    x$fpl$dfix          fz_ws.l(dfix.o)
    0x08003f16   0x0000002e   Code   RO          338    x$fpl$dflt          fz_ws.l(dflt_clz.o)
    0x08003f44   0x00000026   Code   RO          337    x$fpl$dfltu         fz_ws.l(dflt_clz.o)
    0x08003f6a   0x00000002   PAD
    0x08003f6c   0x00000078   Code   RO          343    x$fpl$dleqf         fz_ws.l(dleqf.o)
    0x08003fe4   0x00000154   Code   RO          345    x$fpl$dmul          fz_ws.l(dmul.o)
    0x08004138   0x0000009c   Code   RO          424    x$fpl$dnaninf       fz_ws.l(dnaninf.o)
    0x080041d4   0x0000000c   Code   RO          426    x$fpl$dretinf       fz_ws.l(dretinf.o)
    0x080041e0   0x0000006c   Code   RO          347    x$fpl$drleqf        fz_ws.l(drleqf.o)
    0x0800424c   0x00000016   Code   RO          324    x$fpl$drsb          fz_ws.l(daddsub_clz.o)
    0x08004262   0x00000002   PAD
    0x08004264   0x000001cc   Code   RO          428    x$fpl$dsqrt         fz_ws.l(dsqrt_noumaal.o)
    0x08004430   0x000001d4   Code   RO          325    x$fpl$dsub          fz_ws.l(daddsub_clz.o)
    0x08004604   0x00000056   Code   RO          349    x$fpl$f2d           fz_ws.l(f2d.o)
    0x0800465a   0x00000002   PAD
    0x0800465c   0x000000c4   Code   RO          351    x$fpl$fadd          fz_ws.l(faddsub_clz.o)
    0x08004720   0x00000018   Code   RO          430    x$fpl$fcmpinf       fz_ws.l(fcmpi.o)
    0x08004738   0x00000184   Code   RO          358    x$fpl$fdiv          fz_ws.l(fdiv.o)
    0x080048bc   0x00000036   Code   RO          361    x$fpl$ffix          fz_ws.l(ffix.o)
    0x080048f2   0x00000002   PAD
    0x080048f4   0x0000003e   Code   RO          365    x$fpl$ffixu         fz_ws.l(ffixu.o)
    0x08004932   0x00000002   PAD
    0x08004934   0x00000030   Code   RO          370    x$fpl$fflt          fz_ws.l(fflt_clz.o)
    0x08004964   0x00000026   Code   RO          369    x$fpl$ffltu         fz_ws.l(fflt_clz.o)
    0x0800498a   0x00000002   PAD
    0x0800498c   0x00000068   Code   RO          375    x$fpl$fleqf         fz_ws.l(fleqf.o)
    0x080049f4   0x00000102   Code   RO          377    x$fpl$fmul          fz_ws.l(fmul.o)
    0x08004af6   0x0000008c   Code   RO          432    x$fpl$fnaninf       fz_ws.l(fnaninf.o)
    0x08004b82   0x0000000a   Code   RO          434    x$fpl$fretinf       fz_ws.l(fretinf.o)
    0x08004b8c   0x00000062   Code   RO          379    x$fpl$frleqf        fz_ws.l(frleqf.o)
    0x08004bee   0x00000014   Code   RO          352    x$fpl$frsb          fz_ws.l(faddsub_clz.o)
    0x08004c02   0x00000002   PAD
    0x08004c04   0x000000ea   Code   RO          353    x$fpl$fsub          fz_ws.l(faddsub_clz.o)
    0x08004cee   0x00000064   Code   RO          493    x$fpl$retnan        fz_ws.l(retnan.o)
    0x08004d52   0x0000005c   Code   RO          436    x$fpl$scalbn        fz_ws.l(scalbn.o)
    0x08004dae   0x00000030   Code   RO          542    x$fpl$trapveneer    fz_ws.l(trapv.o)
    0x08004dde   0x00000000   Code   RO          438    x$fpl$usenofp       fz_ws.l(usenofp.o)
    0x08004dde   0x00000002   PAD
    0x08004de0   0x0000004c   Data   RO          245    .constdata          imu.o
    0x08004e2c   0x00000004   PAD
    0x08004e30   0x00000050   Data   RO          383    .constdata          m_ws.l(asin.o)
    0x08004e80   0x00000098   Data   RO          393    .constdata          m_ws.l(atan.o)
    0x08004f18   0x00000008   Data   RO          457    .constdata          m_ws.l(qnan.o)
    0x08004f20   0x00000020   Data   RO          617    Region$$Table       anon$$obj.o


    Execution Region RW_IRAM1 (Base: 0x20000000, Size: 0x00000e90, Max: 0x00004000, ABSOLUTE, COMPRESSED[0x00000034])

    Base Addr    Size         Type   Attr      Idx    E Section Name        Object

    0x20000000   0x00000020   Data   RW           12    .data               main.o
    0x20000020   0x00000004   Data   RW           95    .data               delay.o
    0x20000024   0x0000002e   Data   RW          156    .data               24l01.o
    0x20000052   0x00000002   PAD
    0x20000054   0x00000029   Data   RW          246    .data               imu.o
    0x2000007d   0x00000003   PAD
    0x20000080   0x00000101   Data   RW          281    .data               control.o
    0x20000181   0x00000003   PAD
    0x20000184   0x0000004c   Zero   RW           11    .bss                main.o
    0x200001d0   0x0000001c   Zero   RW          212    .bss                mpu6050.o
    0x200001ec   0x00000120   Zero   RW          244    .bss                imu.o
    0x2000030c   0x00000224   Zero   RW          280    .bss                control.o
    0x20000530   0x00000060   Zero   RW          481    .bss                c_w.l(libspace.o)
    0x20000590   0x00000100   Zero   RW            2    HEAP                startup_stm32f10x_md.o
    0x20000690   0x00000800   Zero   RW            1    STACK               startup_stm32f10x_md.o


==============================================================================

Image component sizes


      Code (inc. data)   RO Data    RW Data    ZI Data      Debug   Object Name

       668         48          0         46          0       3417   24l01.o
      2424        348          0        257        548       5883   control.o
       176          8          0          4          0       1003   delay.o
        64          6          0          0          0        889   exti.o
      1292        118          0          0          0       2773   fast_math.o
      2936        214         76         41        288       4009   imu.o
       460         12          0          0          0       1062   led.o
       440         58          0         32         76       5521   main.o
       932         46          0          0         28       4963   mpu6050.o
       296         16          0          0          0        921   spi.o
        56         22        236          0       2304        780   startup_stm32f10x_md.o
      1146         12          0          0          0       4159   stm32_i2c.o
       744         48          0          0          0       2843   sys.o
       396         26          0          0          0       1048   timer.o
       288         16          0          0          0       2882   usart.o

    ----------------------------------------------------------------------
     12320        998        348        388       3244      42153   Object Totals
         0          0         32          0          0          0   (incl. Generated)
         2          0          4          8          0          0   (incl. Padding)

    ----------------------------------------------------------------------

      Code (inc. data)   RO Data    RW Data    ZI Data      Debug   Library Member Name

        90          0          0          0          0          0   __dczerorl2.o
         8          0          0          0          0         68   __main.o
         0          0          0          0          0          0   __rtentry.o
        12          0          0          0          0          0   __rtentry2.o
         6          0          0          0          0          0   __rtentry4.o
        52          8          0          0          0          0   __scatter.o
        28          0          0          0          0          0   __scatter_zi.o
        22          0          0          0          0        100   _rserrno.o
        18          0          0          0          0         80   exit.o
         6          0          0          0          0        152   heapauxi.o
         2          0          0          0          0          0   libinit.o
         2          0          0          0          0          0   libinit2.o
         2          0          0          0          0          0   libshutdown.o
         2          0          0          0          0          0   libshutdown2.o
         8          4          0          0         96         68   libspace.o
         8          4          0          0          0         68   rt_errno_addr_intlibspace.o
       100          0          0          0          0         80   rt_memcpy_w.o
         2          0          0          0          0          0   rtexit.o
        10          0          0          0          0          0   rtexit2.o
        74          0          0          0          0         80   sys_stackheap_outer.o
         2          0          0          0          0         68   use_no_semi.o
         2          0          0          0          0         68   use_no_semi_2.o
        98          4          0          0          0         92   d2f.o
       826         16          0          0          0        348   daddsub_clz.o
        16          4          0          0          0         68   dcheck1.o
        24          0          0          0          0         68   dcmpi.o
       688        140          0          0          0        208   ddiv.o
        94          4          0          0          0         92   dfix.o
        84          0          0          0          0        136   dflt_clz.o
       120          4          0          0          0         92   dleqf.o
       340         12          0          0          0        104   dmul.o
       156          4          0          0          0         92   dnaninf.o
        12          0          0          0          0         68   dretinf.o
       108          0          0          0          0         80   drleqf.o
       460         56          0          0          0        120   dsqrt_noumaal.o
        86          4          0          0          0         84   f2d.o
       450          8          0          0          0        236   faddsub_clz.o
        24          0          0          0          0         68   fcmpi.o
       388         76          0          0          0         96   fdiv.o
        54          4          0          0          0         84   ffix.o
        62          4          0          0          0         84   ffixu.o
        86          0          0          0          0        136   fflt_clz.o
       104          4          0          0          0         84   fleqf.o
       258          4          0          0          0         84   fmul.o
       140          4          0          0          0         84   fnaninf.o
        10          0          0          0          0         68   fretinf.o
        98          0          0          0          0         68   frleqf.o
       100          0          0          0          0         68   retnan.o
        92          0          0          0          0         68   scalbn.o
        48          0          0          0          0         68   trapv.o
         0          0          0          0          0          0   usenofp.o
       624         52         80          0          0        168   asin.o
       544         70        152          0          0        124   atan.o
       384         38          0          0          0        144   atan2.o
        38          6          0          0          0        272   dunder.o
        40          0          0          0          0         68   fpclassify.o
       170          0          0          0          0         96   poly.o
         0          0          8          0          0          0   qnan.o
        76          0          0          0          0         84   sqrt.o

    ----------------------------------------------------------------------
      7380        534        240          0         96       4736   Library Totals
        22          0          0          0          0          0   (incl. Padding)

    ----------------------------------------------------------------------

      Code (inc. data)   RO Data    RW Data    ZI Data      Debug   Library Name

       456         16          0          0         96        832   c_w.l
      5026        352          0          0          0       2948   fz_ws.l
      1876        166        240          0          0        956   m_ws.l

    ----------------------------------------------------------------------
      7380        534        240          0         96       4736   Library Totals

    ----------------------------------------------------------------------

==============================================================================


      Code (inc. data)   RO Data    RW Data    ZI Data      Debug   

     19700       1532        588        388       3340      43245   Grand Totals
     19700       1532        588         52       3340      43245   ELF Image Totals (compressed)
     19700       1532        588         52          0          0   ROM Totals

==============================================================================

    Total RO  Size (Code + RO Data)                20288 (  19.81kB)
    Total RW  Size (RW Data + ZI Data)              3728 (   3.64kB)
    Total ROM Size (Code + RO Data + RW Data)      20340 (  19.86kB)

==============================================================================

